Archive member included to satisfy reference by file (symbol)

/Applications/ArmGNUToolchain/14.2.rel1/arm-none-eabi/bin/../lib/gcc/arm-none-eabi/14.2.1/thumb/v6-m/nofp/libgcc.a(_dvmd_tls.o)
                              CMakeFiles/main.dir/Users/sathishkumar/Documents/2_PICO/pico-sdk/src/rp2_common/pico_divider/divider_hardware.S.o (__aeabi_idiv0)
/Applications/ArmGNUToolchain/14.2.rel1/arm-none-eabi/bin/../lib/gcc/arm-none-eabi/14.2.1/../../../../arm-none-eabi/lib/thumb/v6-m/nofp/libg.a(libc_a-calloc.o)
                              CMakeFiles/main.dir/Users/sathishkumar/Documents/2_PICO/pico-sdk/src/rp2_common/pico_malloc/malloc.c.o (calloc)
/Applications/ArmGNUToolchain/14.2.rel1/arm-none-eabi/bin/../lib/gcc/arm-none-eabi/14.2.1/../../../../arm-none-eabi/lib/thumb/v6-m/nofp/libg.a(libc_a-callocr.o)
                              /Applications/ArmGNUToolchain/14.2.rel1/arm-none-eabi/bin/../lib/gcc/arm-none-eabi/14.2.1/../../../../arm-none-eabi/lib/thumb/v6-m/nofp/libg.a(libc_a-calloc.o) (_calloc_r)
/Applications/ArmGNUToolchain/14.2.rel1/arm-none-eabi/bin/../lib/gcc/arm-none-eabi/14.2.1/../../../../arm-none-eabi/lib/thumb/v6-m/nofp/libg.a(libc_a-malloc.o)
                              CMakeFiles/main.dir/Users/sathishkumar/Documents/2_PICO/pico-sdk/src/rp2_common/pico_malloc/malloc.c.o (malloc)
/Applications/ArmGNUToolchain/14.2.rel1/arm-none-eabi/bin/../lib/gcc/arm-none-eabi/14.2.1/../../../../arm-none-eabi/lib/thumb/v6-m/nofp/libg.a(libc_a-mallocr.o)
                              /Applications/ArmGNUToolchain/14.2.rel1/arm-none-eabi/bin/../lib/gcc/arm-none-eabi/14.2.1/../../../../arm-none-eabi/lib/thumb/v6-m/nofp/libg.a(libc_a-callocr.o) (_malloc_r)
/Applications/ArmGNUToolchain/14.2.rel1/arm-none-eabi/bin/../lib/gcc/arm-none-eabi/14.2.1/../../../../arm-none-eabi/lib/thumb/v6-m/nofp/libg.a(libc_a-mlock.o)
                              /Applications/ArmGNUToolchain/14.2.rel1/arm-none-eabi/bin/../lib/gcc/arm-none-eabi/14.2.1/../../../../arm-none-eabi/lib/thumb/v6-m/nofp/libg.a(libc_a-mallocr.o) (__malloc_lock)
/Applications/ArmGNUToolchain/14.2.rel1/arm-none-eabi/bin/../lib/gcc/arm-none-eabi/14.2.1/../../../../arm-none-eabi/lib/thumb/v6-m/nofp/libg.a(libc_a-realloc.o)
                              CMakeFiles/main.dir/Users/sathishkumar/Documents/2_PICO/pico-sdk/src/rp2_common/pico_malloc/malloc.c.o (realloc)
/Applications/ArmGNUToolchain/14.2.rel1/arm-none-eabi/bin/../lib/gcc/arm-none-eabi/14.2.1/../../../../arm-none-eabi/lib/thumb/v6-m/nofp/libg.a(libc_a-reallocr.o)
                              /Applications/ArmGNUToolchain/14.2.rel1/arm-none-eabi/bin/../lib/gcc/arm-none-eabi/14.2.1/../../../../arm-none-eabi/lib/thumb/v6-m/nofp/libg.a(libc_a-realloc.o) (_realloc_r)
/Applications/ArmGNUToolchain/14.2.rel1/arm-none-eabi/bin/../lib/gcc/arm-none-eabi/14.2.1/../../../../arm-none-eabi/lib/thumb/v6-m/nofp/libg.a(libc_a-memcmp.o)
                              CMakeFiles/main.dir/Users/sathishkumar/Documents/2_PICO/pico-sdk/src/rp2_common/pico_atomic/atomic.c.o (memcmp)
/Applications/ArmGNUToolchain/14.2.rel1/arm-none-eabi/bin/../lib/gcc/arm-none-eabi/14.2.1/../../../../arm-none-eabi/lib/thumb/v6-m/nofp/libg.a(libc_a-memmove.o)
                              /Applications/ArmGNUToolchain/14.2.rel1/arm-none-eabi/bin/../lib/gcc/arm-none-eabi/14.2.1/../../../../arm-none-eabi/lib/thumb/v6-m/nofp/libg.a(libc_a-reallocr.o) (memmove)
/Applications/ArmGNUToolchain/14.2.rel1/arm-none-eabi/bin/../lib/gcc/arm-none-eabi/14.2.1/../../../../arm-none-eabi/lib/thumb/v6-m/nofp/libg.a(libc_a-lcltime_r.o)
                              CMakeFiles/main.dir/Users/sathishkumar/Documents/2_PICO/pico-sdk/src/common/pico_util/datetime.c.o (localtime_r)
/Applications/ArmGNUToolchain/14.2.rel1/arm-none-eabi/bin/../lib/gcc/arm-none-eabi/14.2.1/../../../../arm-none-eabi/lib/thumb/v6-m/nofp/libg.a(libc_a-mktime.o)
                              CMakeFiles/main.dir/Users/sathishkumar/Documents/2_PICO/pico-sdk/src/common/pico_util/datetime.c.o (mktime)
/Applications/ArmGNUToolchain/14.2.rel1/arm-none-eabi/bin/../lib/gcc/arm-none-eabi/14.2.1/../../../../arm-none-eabi/lib/thumb/v6-m/nofp/libg.a(libc_a-month_lengths.o)
                              /Applications/ArmGNUToolchain/14.2.rel1/arm-none-eabi/bin/../lib/gcc/arm-none-eabi/14.2.1/../../../../arm-none-eabi/lib/thumb/v6-m/nofp/libg.a(libc_a-lcltime_r.o) (__month_lengths)
/Applications/ArmGNUToolchain/14.2.rel1/arm-none-eabi/bin/../lib/gcc/arm-none-eabi/14.2.1/../../../../arm-none-eabi/lib/thumb/v6-m/nofp/libg.a(libc_a-tzcalc_limits.o)
                              /Applications/ArmGNUToolchain/14.2.rel1/arm-none-eabi/bin/../lib/gcc/arm-none-eabi/14.2.1/../../../../arm-none-eabi/lib/thumb/v6-m/nofp/libg.a(libc_a-lcltime_r.o) (__tzcalc_limits)
/Applications/ArmGNUToolchain/14.2.rel1/arm-none-eabi/bin/../lib/gcc/arm-none-eabi/14.2.1/../../../../arm-none-eabi/lib/thumb/v6-m/nofp/libg.a(libc_a-tzlock.o)
[...]
Memory Configuration

Name             Origin             Length             Attributes
FLASH            0x10000000         0x00200000         xr
RAM              0x20000000         0x00040000         xrw
SCRATCH_X        0x20040000         0x00001000         xrw
SCRATCH_Y        0x20041000         0x00001000         xrw
*default*        0x00000000         0xffffffff

Linker script and memory map

LOAD /Applications/ArmGNUToolchain/14.2.rel1/arm-none-eabi/bin/../lib/gcc/arm-none-eabi/14.2.1/thumb/v6-m/nofp/crti.o
LOAD /Applications/ArmGNUToolchain/14.2.rel1/arm-none-eabi/bin/../lib/gcc/arm-none-eabi/14.2.1/thumb/v6-m/nofp/crtbegin.o
LOAD /Applications/ArmGNUToolchain/14.2.rel1/arm-none-eabi/bin/../lib/gcc/arm-none-eabi/14.2.1/../../../../arm-none-eabi/lib/thumb/v6-m/nofp/crt0.o

.flash_begin    0x10000000        0x0
                0x10000000                        __flash_binary_start = .

.boot2          0x10000000      0x100
                0x10000000                        __boot2_start__ = .
 *(.boot2)
 .boot2         0x10000000      0x100 pico-sdk/src/rp2040/boot_stage2/CMakeFiles/bs2_default_library.dir/bs2_default_padded_checksummed.S.o
                0x10000100                        __boot2_end__ = .
                0x00000001                        ASSERT (((__boot2_end__ - __boot2_start__) == 0x100), ERROR: Pico second stage bootloader must be 256 bytes in size)

.text           0x10000100     0x6d24
                0x10000100                        __logical_binary_start = .
 *(.vectors)
 .vectors       0x10000100       0xd4 CMakeFiles/main.dir/Users/sathishkumar/Documents/2_PICO/pico-sdk/src/rp2_common/pico_crt0/crt0.S.o
                0x10000100                __VECTOR_TABLE
                0x10000100                __vectors
                0x100001c0                __default_isrs_start
                0x100001c0                isr_invalid
                0x100001c2                isr_nmi
                0x100001c4                isr_hardfault
                0x100001c6                isr_svcall
                0x100001c8                isr_pendsv
                0x100001ca                isr_systick
                0x100001cc                isr_irq28
                0x100001cc                isr_irq19
                0x100001cc                isr_irq0
                0x100001cc                isr_irq6
                0x100001cc                isr_irq22
                0x100001cc                isr_irq17
                0x100001cc                isr_irq14
                0x100001cc                isr_irq2
                0x100001cc                isr_irq10
                0x100001cc                isr_irq8
                0x100001cc                isr_irq24
                0x100001cc                isr_irq1
                0x100001cc                isr_irq7
                0x100001cc                isr_irq21
                0x100001cc                isr_irq20
                0x100001cc                isr_irq15
                0x100001cc                isr_irq25
                0x100001cc                isr_irq4
                0x100001cc                isr_irq16
                0x100001cc                isr_irq29
                0x100001cc                isr_irq26
                0x100001cc                __default_isrs_end
                0x100001cc                isr_irq3
                0x100001cc                isr_irq9
                0x100001cc                __unhandled_user_irq
                0x100001cc                isr_irq13
                0x100001cc                isr_irq27
                0x100001cc                isr_irq31
                0x100001cc                isr_irq5
                0x100001cc                isr_irq11
                0x100001cc                isr_irq23
                0x100001cc                isr_irq18
                0x100001cc                isr_irq30
                0x100001cc                isr_irq12
                0x100001d2                unhandled_user_irq_num_in_r0
 *(.binary_info_header)
 .binary_info_header
                0x100001d4       0x14 CMakeFiles/main.dir/Users/sathishkumar/Documents/2_PICO/pico-sdk/src/rp2_common/pico_crt0/crt0.S.o
                0x100001e8                        __binary_info_header_end = .
 *(.embedded_block)
                0x100001e8                        __embedded_block_end = .
 *(.reset)
 .reset         0x100001e8       0x9c CMakeFiles/main.dir/Users/sathishkumar/Documents/2_PICO/pico-sdk/src/rp2_common/pico_crt0/crt0.S.o
                0x100001e8                _entry_point
 *(.init)
 .init          0x10000284        0x4 /Applications/ArmGNUToolchain/14.2.rel1/arm-none-eabi/bin/../lib/gcc/arm-none-eabi/14.2.1/thumb/v6-m/nofp/crti.o
                0x10000284                _init
 *(EXCLUDE_FILE(*libm.a: *libc.a:*lib_a-mem*.o *libgcc.a:) .text*)
 .text.register_tm_clones
                0x10000288       0x28 /Applications/ArmGNUToolchain/14.2.rel1/arm-none-eabi/bin/../lib/gcc/arm-none-eabi/14.2.1/thumb/v6-m/nofp/crtbegin.o
 .text.frame_dummy
                0x100002b0       0x24 /Applications/ArmGNUToolchain/14.2.rel1/arm-none-eabi/bin/../lib/gcc/arm-none-eabi/14.2.1/thumb/v6-m/nofp/crtbegin.o
 .text.blink_led
                0x100002d4       0x24 CMakeFiles/main.dir/main.c.o
                0x100002d4                blink_led
 .text.startup.main
                0x100002f8       0xa0 CMakeFiles/main.dir/main.c.o
                0x100002f8                main
 .text.gpio_set_function
                0x10000398       0x34 CMakeFiles/main.dir/Users/sathishkumar/Documents/2_PICO/pico-sdk/src/rp2_common/hardware_gpio/gpio.c.o
                0x10000398                gpio_set_function
 .text.gpio_set_pulls
                0x100003cc       0x28 CMakeFiles/main.dir/Users/sathishkumar/Documents/2_PICO/pico-sdk/src/rp2_common/hardware_gpio/gpio.c.o
                0x100003cc                gpio_set_pulls
 .text.gpio_set_input_enabled
                0x100003f4       0x28 CMakeFiles/main.dir/Users/sathishkumar/Documents/2_PICO/pico-sdk/src/rp2_common/hardware_gpio/gpio.c.o
                0x100003f4                gpio_set_input_enabled
 .text.gpio_init
                0x1000041c       0x40 CMakeFiles/main.dir/Users/sathishkumar/Documents/2_PICO/pico-sdk/src/rp2_common/hardware_gpio/gpio.c.o
                0x1000041c                gpio_init
 .text.rp2040_chip_version
                0x1000045c        0xc CMakeFiles/main.dir/Users/sathishkumar/Documents/2_PICO/pico-sdk/src/rp2040/pico_platform/platform.c.o
                0x1000045c                rp2040_chip_version
 .text.panic    0x10000468       0x30 CMakeFiles/main.dir/Users/sathishkumar/Documents/2_PICO/pico-sdk/src/rp2_common/pico_platform_panic/panic.c.o
                0x10000468                panic
 .text.hw_claim_or_assert
                0x10000498       0x44 CMakeFiles/main.dir/Users/sathishkumar/Documents/2_PICO/pico-sdk/src/common/hardware_claim/claim.c.o
                0x10000498                hw_claim_or_assert
 .text.hw_claim_unused_from_range
                0x100004dc       0x88 CMakeFiles/main.dir/Users/sathishkumar/Documents/2_PICO/pico-sdk/src/common/hardware_claim/claim.c.o
                0x100004dc                hw_claim_unused_from_range
 .text.next_striped_spin_lock_num
                0x10000564       0x18 CMakeFiles/main.dir/Users/sathishkumar/Documents/2_PICO/pico-sdk/src/rp2_common/hardware_sync/sync.c.o
                0x10000564                next_striped_spin_lock_num
 .text.spin_lock_claim_unused
                0x1000057c       0x24 CMakeFiles/main.dir/Users/sathishkumar/Documents/2_PICO/pico-sdk/src/rp2_common/hardware_sync/sync.c.o
                0x1000057c                spin_lock_claim_unused
 .text.spin_locks_reset
                0x100005a0       0x1c CMakeFiles/main.dir/Users/sathishkumar/Documents/2_PICO/pico-sdk/src/rp2_common/hardware_sync_spin_lock/sync_spin_lock.c.o
                0x100005a0                spin_locks_reset
 .text.runtime_init_per_core_irq_priorities
                0x100005bc       0x24 CMakeFiles/main.dir/Users/sathishkumar/Documents/2_PICO/pico-sdk/src/rp2_common/hardware_irq/irq.c.o
                0x100005bc                runtime_init_per_core_irq_priorities
 .text.irq_set_enabled
                0x100005e0       0x24 CMakeFiles/main.dir/Users/sathishkumar/Documents/2_PICO/pico-sdk/src/rp2_common/hardware_irq/irq.c.o
                0x100005e0                irq_set_enabled
 .text.irq_is_enabled
                0x10000604       0x18 CMakeFiles/main.dir/Users/sathishkumar/Documents/2_PICO/pico-sdk/src/rp2_common/hardware_irq/irq.c.o
                0x10000604                irq_is_enabled
 .text.irq_set_pending
                0x1000061c       0x10 CMakeFiles/main.dir/Users/sathishkumar/Documents/2_PICO/pico-sdk/src/rp2_common/hardware_irq/irq.c.o
                0x1000061c                irq_set_pending
 .text.irq_has_shared_handler
                0x1000062c       0x24 CMakeFiles/main.dir/Users/sathishkumar/Documents/2_PICO/pico-sdk/src/rp2_common/hardware_irq/irq.c.o
                0x1000062c                irq_has_shared_handler
 .text.irq_set_exclusive_handler
                0x10000650       0x54 CMakeFiles/main.dir/Users/sathishkumar/Documents/2_PICO/pico-sdk/src/rp2_common/hardware_irq/irq.c.o
                0x10000650                irq_set_exclusive_handler
 .text.irq_add_shared_handler
                0x100006a4      0x1f4 CMakeFiles/main.dir/Users/sathishkumar/Documents/2_PICO/pico-sdk/src/rp2_common/hardware_irq/irq.c.o
                0x100006a4                irq_add_shared_handler
 .text.irq_add_tail_to_free_list
                0x10000898       0xb4 CMakeFiles/main.dir/Users/sathishkumar/Documents/2_PICO/pico-sdk/src/rp2_common/hardware_irq/irq.c.o
                0x10000898                irq_add_tail_to_free_list
 .text.user_irq_claim_unused
                0x1000094c       0x2c CMakeFiles/main.dir/Users/sathishkumar/Documents/2_PICO/pico-sdk/src/rp2_common/hardware_irq/irq.c.o
                0x1000094c                user_irq_claim_unused
 .text.lock_init
                0x10000978       0x10 CMakeFiles/main.dir/Users/sathishkumar/Documents/2_PICO/pico-sdk/src/common/pico_sync/lock_core.c.o
                0x10000978                lock_init
 .text.runtime_init_mutex
                0x10000988       0x50 CMakeFiles/main.dir/Users/sathishkumar/Documents/2_PICO/pico-sdk/src/common/pico_sync/mutex.c.o
                0x10000988                runtime_init_mutex
 .text.mutex_init
                0x100009d8       0x1c CMakeFiles/main.dir/Users/sathishkumar/Documents/2_PICO/pico-sdk/src/common/pico_sync/mutex.c.o
                0x100009d8                mutex_init
 .text.critical_section_init
                0x100009f4       0x1c CMakeFiles/main.dir/Users/sathishkumar/Documents/2_PICO/pico-sdk/src/common/pico_sync/critical_section.c.o
                0x100009f4                critical_section_init
 .text.critical_section_init_with_lock_num
                0x10000a10       0x14 CMakeFiles/main.dir/Users/sathishkumar/Documents/2_PICO/pico-sdk/src/common/pico_sync/critical_section.c.o
                0x10000a10                critical_section_init_with_lock_num
 .text.sleep_until_callback
                0x10000a24       0x30 CMakeFiles/main.dir/Users/sathishkumar/Documents/2_PICO/pico-sdk/src/common/pico_time/time.c.o
 .text.alarm_pool_irq_handler
                0x10000a54      0x300 CMakeFiles/main.dir/Users/sathishkumar/Documents/2_PICO/pico-sdk/src/common/pico_time/time.c.o
 .text.runtime_init_default_alarm_pool
                0x10000d54       0xdc CMakeFiles/main.dir/Users/sathishkumar/Documents/2_PICO/pico-sdk/src/common/pico_time/time.c.o
                0x10000d54                runtime_init_default_alarm_pool
 .text.alarm_pool_get_default
                0x10000e30        0x8 CMakeFiles/main.dir/Users/sathishkumar/Documents/2_PICO/pico-sdk/src/common/pico_time/time.c.o
                0x10000e30                alarm_pool_get_default
 .text.alarm_pool_add_alarm_at
                0x10000e38       0xd0 CMakeFiles/main.dir/Users/sathishkumar/Documents/2_PICO/pico-sdk/src/common/pico_time/time.c.o
                0x10000e38                alarm_pool_add_alarm_at
 .text.alarm_pool_add_alarm_at_force_in_context
                0x10000f08       0xb0 CMakeFiles/main.dir/Users/sathishkumar/Documents/2_PICO/pico-sdk/src/common/pico_time/time.c.o
                0x10000f08                alarm_pool_add_alarm_at_force_in_context
 .text.alarm_pool_cancel_alarm
                0x10000fb8       0x74 CMakeFiles/main.dir/Users/sathishkumar/Documents/2_PICO/pico-sdk/src/common/pico_time/time.c.o
                0x10000fb8                alarm_pool_cancel_alarm
 .text.alarm_pool_core_num
                0x1000102c        0x4 CMakeFiles/main.dir/Users/sathishkumar/Documents/2_PICO/pico-sdk/src/common/pico_time/time.c.o
                0x1000102c                alarm_pool_core_num
 .text.sleep_ms
                0x10001030       0xfc CMakeFiles/main.dir/Users/sathishkumar/Documents/2_PICO/pico-sdk/src/common/pico_time/time.c.o
                0x10001030                sleep_ms
 .text.best_effort_wfe_or_timeout
                0x1000112c      0x10c CMakeFiles/main.dir/Users/sathishkumar/Documents/2_PICO/pico-sdk/src/common/pico_time/time.c.o
                0x1000112c                best_effort_wfe_or_timeout
 .text.timer_hardware_alarm_claim
                0x10001238       0x14 CMakeFiles/main.dir/Users/sathishkumar/Documents/2_PICO/pico-sdk/src/rp2_common/hardware_timer/timer.c.o
                0x10001238                timer_hardware_alarm_claim
 .text.timer_time_us_64
                0x1000124c       0x10 CMakeFiles/main.dir/Users/sathishkumar/Documents/2_PICO/pico-sdk/src/rp2_common/hardware_timer/timer.c.o
                0x1000124c                timer_time_us_64
 .text.time_us_64
                0x1000125c       0x14 CMakeFiles/main.dir/Users/sathishkumar/Documents/2_PICO/pico-sdk/src/rp2_common/hardware_timer/timer.c.o
                0x1000125c                time_us_64
 .text.busy_wait_until
                0x10001270       0x20 CMakeFiles/main.dir/Users/sathishkumar/Documents/2_PICO/pico-sdk/src/rp2_common/hardware_timer/timer.c.o
                0x10001270                busy_wait_until
 .text.clock_configure_int_divider
                0x10001290       0xf4 CMakeFiles/main.dir/Users/sathishkumar/Documents/2_PICO/pico-sdk/src/rp2_common/hardware_clocks/clocks.c.o
                0x10001290                clock_configure_int_divider
 .text.clock_configure_undivided
                0x10001384       0xe8 CMakeFiles/main.dir/Users/sathishkumar/Documents/2_PICO/pico-sdk/src/rp2_common/hardware_clocks/clocks.c.o
                0x10001384                clock_configure_undivided
 .text.clock_get_hz
                0x1000146c        0xc CMakeFiles/main.dir/Users/sathishkumar/Documents/2_PICO/pico-sdk/src/rp2_common/hardware_clocks/clocks.c.o
                0x1000146c                clock_get_hz
 .text.pll_init
                0x10001478       0xa4 CMakeFiles/main.dir/Users/sathishkumar/Documents/2_PICO/pico-sdk/src/rp2_common/hardware_pll/pll.c.o
                0x10001478                pll_init
 .text.watchdog_reboot
                0x1000151c       0x9c CMakeFiles/main.dir/Users/sathishkumar/Documents/2_PICO/pico-sdk/src/rp2_common/hardware_watchdog/watchdog.c.o
                0x1000151c                watchdog_reboot
 .text.tick_start
                0x100015b8       0x10 CMakeFiles/main.dir/Users/sathishkumar/Documents/2_PICO/pico-sdk/src/rp2_common/hardware_ticks/ticks.c.o
                0x100015b8                tick_start
 .text.rom_func_lookup
                0x100015c8       0x10 CMakeFiles/main.dir/Users/sathishkumar/Documents/2_PICO/pico-sdk/src/rp2_common/pico_bootrom/bootrom.c.o
                0x100015c8                rom_func_lookup
 .text.rom_data_lookup
                0x100015d8       0x10 CMakeFiles/main.dir/Users/sathishkumar/Documents/2_PICO/pico-sdk/src/rp2_common/pico_bootrom/bootrom.c.o
                0x100015d8                rom_data_lookup
 .text.rom_funcs_lookup
                0x100015e8       0x44 CMakeFiles/main.dir/Users/sathishkumar/Documents/2_PICO/pico-sdk/src/rp2_common/pico_bootrom/bootrom.c.o
                0x100015e8                rom_funcs_lookup
 .text.rom_reset_usb_boot_extra
                0x1000162c       0x24 CMakeFiles/main.dir/Users/sathishkumar/Documents/2_PICO/pico-sdk/src/rp2_common/pico_bootrom/bootrom.c.o
                0x1000162c                rom_reset_usb_boot_extra
 .text.xosc_init
                0x10001650       0x28 CMakeFiles/main.dir/Users/sathishkumar/Documents/2_PICO/pico-sdk/src/rp2_common/hardware_xosc/xosc.c.o
                0x10001650                xosc_init
 .text.first_per_core_initializer
                0x10001678        0x4 CMakeFiles/main.dir/Users/sathishkumar/Documents/2_PICO/pico-sdk/src/rp2_common/pico_runtime/runtime.c.o
 .text.hard_assertion_failure
                0x1000167c        0xc CMakeFiles/main.dir/Users/sathishkumar/Documents/2_PICO/pico-sdk/src/rp2_common/pico_runtime/runtime.c.o
                0x1000167c                hard_assertion_failure
 .text.runtime_run_initializers
                0x10001688       0x28 CMakeFiles/main.dir/Users/sathishkumar/Documents/2_PICO/pico-sdk/src/rp2_common/pico_runtime/runtime.c.o
                0x10001688                runtime_run_initializers
 .text.runtime_run_per_core_initializers
                0x100016b0       0x28 CMakeFiles/main.dir/Users/sathishkumar/Documents/2_PICO/pico-sdk/src/rp2_common/pico_runtime/runtime.c.o
                0x100016b0                runtime_run_per_core_initializers
 .text.runtime_init_early_resets
                0x100016d8       0x2c CMakeFiles/main.dir/Users/sathishkumar/Documents/2_PICO/pico-sdk/src/rp2_common/pico_runtime_init/runtime_init.c.o
                0x100016d8                runtime_init_early_resets
 .text.runtime_init_usb_power_down
                0x10001704       0x1c CMakeFiles/main.dir/Users/sathishkumar/Documents/2_PICO/pico-sdk/src/rp2_common/pico_runtime_init/runtime_init.c.o
                0x10001704                runtime_init_usb_power_down
 .text.runtime_init_post_clock_resets
                0x10001720       0x20 CMakeFiles/main.dir/Users/sathishkumar/Documents/2_PICO/pico-sdk/src/rp2_common/pico_runtime_init/runtime_init.c.o
                0x10001720                runtime_init_post_clock_resets
 .text.runtime_init_rp2040_gpio_ie_disable
                0x10001740       0x14 CMakeFiles/main.dir/Users/sathishkumar/Documents/2_PICO/pico-sdk/src/rp2_common/pico_runtime_init/runtime_init.c.o
                0x10001740                runtime_init_rp2040_gpio_ie_disable
 .text.runtime_init_spin_locks_reset
                0x10001754        0x8 CMakeFiles/main.dir/Users/sathishkumar/Documents/2_PICO/pico-sdk/src/rp2_common/pico_runtime_init/runtime_init.c.o
                0x10001754                runtime_init_spin_locks_reset
 .text.runtime_init_install_ram_vector_table
                0x1000175c       0x1c CMakeFiles/main.dir/Users/sathishkumar/Documents/2_PICO/pico-sdk/src/rp2_common/pico_runtime_init/runtime_init.c.o
                0x1000175c                runtime_init_install_ram_vector_table
 .text.runtime_init_clocks
                0x10001778       0xd8 CMakeFiles/main.dir/Users/sathishkumar/Documents/2_PICO/pico-sdk/src/rp2_common/pico_runtime_init/runtime_init_clocks.c.o
                0x10001778                runtime_init_clocks
 .text          0x10001850       0x10 CMakeFiles/main.dir/Users/sathishkumar/Documents/2_PICO/pico-sdk/src/rp2_common/pico_bit_ops/bit_ops_aeabi.S.o
 .text.__wrap___aeabi_idiv
                0x10001860       0x50 CMakeFiles/main.dir/Users/sathishkumar/Documents/2_PICO/pico-sdk/src/rp2_common/pico_divider/divider_hardware.S.o
                0x10001860                __wrap___aeabi_idivmod
                0x10001860                divmod_s32s32
                0x10001860                div_s32s32
                0x10001860                __wrap___aeabi_idiv
                0x10001868                divmod_s32s32_unsafe
                0x10001894                divmod_s32s32_savestate
 .text.__wrap___aeabi_uidiv
                0x100018b0       0x4c CMakeFiles/main.dir/Users/sathishkumar/Documents/2_PICO/pico-sdk/src/rp2_common/pico_divider/divider_hardware.S.o
                0x100018b0                __wrap___aeabi_uidiv
                0x100018b0                __wrap___aeabi_uidivmod
                0x100018b0                div_u32u32
                0x100018b0                divmod_u32u32
                0x100018b8                divmod_u32u32_unsafe
                0x100018e0                divmod_u32u32_savestate
 .text.__wrap___aeabi_ldiv
                0x100018fc      0x424 CMakeFiles/main.dir/Users/sathishkumar/Documents/2_PICO/pico-sdk/src/rp2_common/pico_divider/divider_hardware.S.o
                0x100018fc                __wrap___aeabi_ldivmod
                0x100018fc                div_s64s64
                0x100018fc                divmod_s64s64
                0x1000192c                divmod_u64u64
                0x1000192c                div_u64u64
                0x1000192c                __wrap___aeabi_uldivmod
                0x1000193c                divmod_u64u64_savestate
                0x1000195c                divmod_s64s64_unsafe
                0x100019e4                divmod_u64u64_unsafe
 .text.__wrap___aeabi_darithmetic
                0x10001d20       0x80 CMakeFiles/main.dir/Users/sathishkumar/Documents/2_PICO/pico-sdk/src/rp2_common/pico_double/double_aeabi_rp2040.S.o
                0x10001d20                __wrap___aeabi_drsub
                0x10001d26                __wrap___aeabi_dsub
                0x10001d38                __wrap___aeabi_dadd
                0x10001d4a                __wrap___aeabi_ddiv
                0x10001d86                __wrap___aeabi_dmul
 .text.__wrap___aeabi_cdcmple
                0x10001da0       0x6c CMakeFiles/main.dir/Users/sathishkumar/Documents/2_PICO/pico-sdk/src/rp2_common/pico_double/double_aeabi_rp2040.S.o
                0x10001da0                __wrap___aeabi_cdrcmple
                0x10001db0                __wrap___aeabi_cdcmple
                0x10001db0                __wrap___aeabi_cdcmpeq
 .text.__wrap___aeabi_dcmplt
                0x10001e0c        0xc CMakeFiles/main.dir/Users/sathishkumar/Documents/2_PICO/pico-sdk/src/rp2_common/pico_double/double_aeabi_rp2040.S.o
                0x10001e0c                __wrap___aeabi_dcmplt
 .text.__wrap___aeabi_dcmple
                0x10001e18       0x10 CMakeFiles/main.dir/Users/sathishkumar/Documents/2_PICO/pico-sdk/src/rp2_common/pico_double/double_aeabi_rp2040.S.o
                0x10001e18                __wrap___aeabi_dcmple
 .text.__wrap___aeabi_dcmpge
                0x10001e28       0x10 CMakeFiles/main.dir/Users/sathishkumar/Documents/2_PICO/pico-sdk/src/rp2_common/pico_double/double_aeabi_rp2040.S.o
                0x10001e28                __wrap___aeabi_dcmpge
 .text.__wrap___aeabi_dcmpgt
                0x10001e38        0xa CMakeFiles/main.dir/Users/sathishkumar/Documents/2_PICO/pico-sdk/src/rp2_common/pico_double/double_aeabi_rp2040.S.o
                0x10001e38                __wrap___aeabi_dcmpgt
 .text.__wrap___aeabi_dcmpun
                0x10001e42       0x18 CMakeFiles/main.dir/Users/sathishkumar/Documents/2_PICO/pico-sdk/src/rp2_common/pico_double/double_aeabi_rp2040.S.o
                0x10001e42                __wrap___aeabi_dcmpun
 *fill*         0x10001e5a        0x2 
 .text.__wrap___aeabi_i2d
                0x10001e5c       0x38 CMakeFiles/main.dir/Users/sathishkumar/Documents/2_PICO/pico-sdk/src/rp2_common/pico_double/double_aeabi_rp2040.S.o
                0x10001e5c                __wrap___aeabi_ui2d
                0x10001e5c                uint2double
                0x10001e64                __wrap___aeabi_i2d
                0x10001e64                int2double
 .text.__wrap___aeabi_d2iz
                0x10001e94       0x48 CMakeFiles/main.dir/Users/sathishkumar/Documents/2_PICO/pico-sdk/src/rp2_common/pico_double/double_aeabi_rp2040.S.o
                0x10001e94                __wrap___aeabi_d2iz
                0x10001e94                double2int_z
 .text.__wrap___aeabi_d2uiz
                0x10001edc       0x18 CMakeFiles/main.dir/Users/sathishkumar/Documents/2_PICO/pico-sdk/src/rp2_common/pico_double/double_aeabi_rp2040.S.o
                0x10001edc                double2uint_z
                0x10001edc                double2uint
                0x10001edc                __wrap___aeabi_d2uiz
 .text.__aeabi_double_init
                0x10001ef4       0xa4 CMakeFiles/main.dir/Users/sathishkumar/Documents/2_PICO/pico-sdk/src/rp2_common/pico_double/double_init_rom_rp2040.c.o
                0x10001ef4                __aeabi_double_init
 .text.double_table_shim_on_use_helper
                0x10001f98       0x2c CMakeFiles/main.dir/Users/sathishkumar/Documents/2_PICO/pico-sdk/src/rp2_common/pico_double/double_v1_rom_shim_rp2040.S.o
                0x10001f98                double_table_shim_on_use_helper
 .text.__wrap___aeabi_dsub
                0x10001fc4       0x10 CMakeFiles/main.dir/Users/sathishkumar/Documents/2_PICO/pico-sdk/src/rp2_common/pico_double/double_v1_rom_shim_rp2040.S.o
                0x10001fc4                drsub_shim
                0x10001fca                dsub_shim
 .text.dadd_shim
                0x10001fd4      0x15c CMakeFiles/main.dir/Users/sathishkumar/Documents/2_PICO/pico-sdk/src/rp2_common/pico_double/double_v1_rom_shim_rp2040.S.o
                0x10001fd4                dadd_shim
 .text.dmul_shim
                0x10002130      0x15c CMakeFiles/main.dir/Users/sathishkumar/Documents/2_PICO/pico-sdk/src/rp2_common/pico_double/double_v1_rom_shim_rp2040.S.o
                0x10002130                dmul_shim
 .text.ddiv_shim
                0x1000228c      0x1b0 CMakeFiles/main.dir/Users/sathishkumar/Documents/2_PICO/pico-sdk/src/rp2_common/pico_double/double_v1_rom_shim_rp2040.S.o
                0x1000228c                ddiv_shim
 .text.double2uint_shim
                0x1000243c        0xe CMakeFiles/main.dir/Users/sathishkumar/Documents/2_PICO/pico-sdk/src/rp2_common/pico_double/double_v1_rom_shim_rp2040.S.o
                0x1000243c                double2uint_shim
                0x1000243e                double2ufix_shim
 *fill*         0x1000244a        0x2 
 .text.double2uint64_shim
                0x1000244c       0x70 CMakeFiles/main.dir/Users/sathishkumar/Documents/2_PICO/pico-sdk/src/rp2_common/pico_double/double_v1_rom_shim_rp2040.S.o
                0x1000244c                double2uint64_shim
                0x1000244e                double2ufix64_shim
                0x1000246e                d2fix_a
 .text.dunpacks
                0x100024bc       0x3c CMakeFiles/main.dir/Users/sathishkumar/Documents/2_PICO/pico-sdk/src/rp2_common/pico_double/double_v1_rom_shim_rp2040.S.o
                0x100024bc                dunpacks
 .text.__aeabi_lmul
                0x100024f8       0x32 CMakeFiles/main.dir/Users/sathishkumar/Documents/2_PICO/pico-sdk/src/rp2_common/pico_int64_ops/pico_int64_ops_aeabi.S.o
                0x100024f8                __wrap___aeabi_lmul
 *fill*         0x1000252a        0x2 
 .text.__wrap___aeabi_farithmetic
                0x1000252c       0x48 CMakeFiles/main.dir/Users/sathishkumar/Documents/2_PICO/pico-sdk/src/rp2_common/pico_float/float_aeabi_rp2040.S.o
                0x1000252c                __wrap___aeabi_frsub
                0x10002532                __wrap___aeabi_fsub
                0x10002538                __wrap___aeabi_fadd
                0x1000253e                __wrap___aeabi_fdiv
                0x10002566                __wrap___aeabi_fmul
 .text.__wrap___aeabi_i2f
                0x10002574       0x44 CMakeFiles/main.dir/Users/sathishkumar/Documents/2_PICO/pico-sdk/src/rp2_common/pico_float/float_aeabi_rp2040.S.o
                0x10002574                int2float
                0x10002574                __wrap___aeabi_i2f
 .text.__wrap___aeabi_f2d
                0x100025b8       0x14 CMakeFiles/main.dir/Users/sathishkumar/Documents/2_PICO/pico-sdk/src/rp2_common/pico_float/float_aeabi_rp2040.S.o
                0x100025b8                __wrap___aeabi_f2d
 .text.__aeabi_float_init
                0x100025cc       0x64 CMakeFiles/main.dir/Users/sathishkumar/Documents/2_PICO/pico-sdk/src/rp2_common/pico_float/float_init_rom_rp2040.c.o
                0x100025cc                __aeabi_float_init
 .text.float_table_shim_on_use_helper
                0x10002630       0x2c CMakeFiles/main.dir/Users/sathishkumar/Documents/2_PICO/pico-sdk/src/rp2_common/pico_float/float_v1_rom_shim_rp2040.S.o
                0x10002630                float_table_shim_on_use_helper
 .text.float2double_shim
                0x1000265c       0x30 CMakeFiles/main.dir/Users/sathishkumar/Documents/2_PICO/pico-sdk/src/rp2_common/pico_float/float_v1_rom_shim_rp2040.S.o
                0x1000265c                float2double_shim
 .text          0x1000268c       0x10 CMakeFiles/main.dir/Users/sathishkumar/Documents/2_PICO/pico-sdk/src/rp2_common/pico_mem_ops/mem_ops_aeabi.S.o
                0x1000268c                __aeabi_mem_init
 .text.memset   0x1000269c        0xc CMakeFiles/main.dir/Users/sathishkumar/Documents/2_PICO/pico-sdk/src/rp2_common/pico_mem_ops/mem_ops_aeabi.S.o
                0x1000269c                __wrap_memset
 .text.memcpy   0x100026a8        0xc CMakeFiles/main.dir/Users/sathishkumar/Documents/2_PICO/pico-sdk/src/rp2_common/pico_mem_ops/mem_ops_aeabi.S.o
                0x100026a8                __wrap___aeabi_memcpy
                0x100026a8                __wrap_memcpy
 .text._out_null
                0x100026b4        0x4 CMakeFiles/main.dir/Users/sathishkumar/Documents/2_PICO/pico-sdk/src/rp2_common/pico_printf/printf.c.o
 .text._out_rev
                0x100026b8       0xac CMakeFiles/main.dir/Users/sathishkumar/Documents/2_PICO/pico-sdk/src/rp2_common/pico_printf/printf.c.o
 .text._ntoa_format
                0x10002764      0x1cc CMakeFiles/main.dir/Users/sathishkumar/Documents/2_PICO/pico-sdk/src/rp2_common/pico_printf/printf.c.o
 .text._out_char
                0x10002930       0x10 CMakeFiles/main.dir/Users/sathishkumar/Documents/2_PICO/pico-sdk/src/rp2_common/pico_printf/printf.c.o
 .text._out_fct
                0x10002940       0x10 CMakeFiles/main.dir/Users/sathishkumar/Documents/2_PICO/pico-sdk/src/rp2_common/pico_printf/printf.c.o
 .text._ftoa    0x10002950      0x4a8 CMakeFiles/main.dir/Users/sathishkumar/Documents/2_PICO/pico-sdk/src/rp2_common/pico_printf/printf.c.o
 .text._etoa    0x10002df8      0x57c CMakeFiles/main.dir/Users/sathishkumar/Documents/2_PICO/pico-sdk/src/rp2_common/pico_printf/printf.c.o
 .text._vsnprintf
                0x10003374      0xbe0 CMakeFiles/main.dir/Users/sathishkumar/Documents/2_PICO/pico-sdk/src/rp2_common/pico_printf/printf.c.o
 .text.vfctprintf
                0x10003f54       0x24 CMakeFiles/main.dir/Users/sathishkumar/Documents/2_PICO/pico-sdk/src/rp2_common/pico_printf/printf.c.o
                0x10003f54                vfctprintf
 .text.weak_raw_vprintf
                0x10003f78       0x30 CMakeFiles/main.dir/Users/sathishkumar/Documents/2_PICO/pico-sdk/src/rp2_common/pico_printf/printf.c.o
                0x10003f78                weak_raw_vprintf
 .text._exit    0x10003fa8        0x4 CMakeFiles/main.dir/Users/sathishkumar/Documents/2_PICO/pico-sdk/src/rp2_common/pico_clib_interface/newlib_interface.c.o
                0x10003fa8                _exit
 .text.exit     0x10003fac        0x8 CMakeFiles/main.dir/Users/sathishkumar/Documents/2_PICO/pico-sdk/src/rp2_common/pico_clib_interface/newlib_interface.c.o
                0x10003fac                exit
 .text.runtime_init
                0x10003fb4       0x2c CMakeFiles/main.dir/Users/sathishkumar/Documents/2_PICO/pico-sdk/src/rp2_common/pico_clib_interface/newlib_interface.c.o
                0x10003fb4                runtime_init
 .text.stdio_out_chars_no_crlf
                0x10003fe0       0x10 CMakeFiles/main.dir/Users/sathishkumar/Documents/2_PICO/pico-sdk/src/rp2_common/pico_stdio/stdio.c.o
 .text.stdio_out_chars_crlf
                0x10003ff0       0xb0 CMakeFiles/main.dir/Users/sathishkumar/Documents/2_PICO/pico-sdk/src/rp2_common/pico_stdio/stdio.c.o
 .text.stdio_buffered_printer
                0x100040a0       0x64 CMakeFiles/main.dir/Users/sathishkumar/Documents/2_PICO/pico-sdk/src/rp2_common/pico_stdio/stdio.c.o
 .text.stdio_put_string
                0x10004104       0xfc CMakeFiles/main.dir/Users/sathishkumar/Documents/2_PICO/pico-sdk/src/rp2_common/pico_stdio/stdio.c.o
                0x10004104                stdio_put_string
 .text.stdio_set_driver_enabled
                0x10004200       0x30 CMakeFiles/main.dir/Users/sathishkumar/Documents/2_PICO/pico-sdk/src/rp2_common/pico_stdio/stdio.c.o
                0x10004200                stdio_set_driver_enabled
 .text.stdio_init_all
                0x10004230        0x8 CMakeFiles/main.dir/Users/sathishkumar/Documents/2_PICO/pico-sdk/src/rp2_common/pico_stdio/stdio.c.o
                0x10004230                stdio_init_all
 .text.__wrap_putchar
                0x10004238       0x94 CMakeFiles/main.dir/Users/sathishkumar/Documents/2_PICO/pico-sdk/src/rp2_common/pico_stdio/stdio.c.o
                0x10004238                stdio_putchar
                0x10004238                __wrap_putchar
 .text.__wrap_puts
                0x100042cc       0x3c CMakeFiles/main.dir/Users/sathishkumar/Documents/2_PICO/pico-sdk/src/rp2_common/pico_stdio/stdio.c.o
                0x100042cc                __wrap_puts
                0x100042cc                stdio_puts
 .text.__wrap_vprintf
                0x10004308       0xcc CMakeFiles/main.dir/Users/sathishkumar/Documents/2_PICO/pico-sdk/src/rp2_common/pico_stdio/stdio.c.o
                0x10004308                __wrap_vprintf
                0x10004308                stdio_vprintf
 .text.__wrap_printf
                0x100043d4       0x18 CMakeFiles/main.dir/Users/sathishkumar/Documents/2_PICO/pico-sdk/src/rp2_common/pico_stdio/stdio.c.o
                0x100043d4                stdio_printf
                0x100043d4                __wrap_printf
 .text.resetd_init
                0x100043ec        0x4 CMakeFiles/main.dir/Users/sathishkumar/Documents/2_PICO/pico-sdk/src/rp2_common/pico_stdio_usb/reset_interface.c.o
 .text.resetd_reset
                0x100043f0        0xc CMakeFiles/main.dir/Users/sathishkumar/Documents/2_PICO/pico-sdk/src/rp2_common/pico_stdio_usb/reset_interface.c.o
 .text.resetd_open
                0x100043fc       0x28 CMakeFiles/main.dir/Users/sathishkumar/Documents/2_PICO/pico-sdk/src/rp2_common/pico_stdio_usb/reset_interface.c.o
 .text.resetd_xfer_cb
                0x10004424        0x4 CMakeFiles/main.dir/Users/sathishkumar/Documents/2_PICO/pico-sdk/src/rp2_common/pico_stdio_usb/reset_interface.c.o
 .text.resetd_control_xfer_cb
                0x10004428       0x54 CMakeFiles/main.dir/Users/sathishkumar/Documents/2_PICO/pico-sdk/src/rp2_common/pico_stdio_usb/reset_interface.c.o
 .text.tud_descriptor_bos_cb
                0x1000447c        0x8 CMakeFiles/main.dir/Users/sathishkumar/Documents/2_PICO/pico-sdk/src/rp2_common/pico_stdio_usb/reset_interface.c.o
                0x1000447c                tud_descriptor_bos_cb
 .text.tud_vendor_control_xfer_cb
                0x10004484       0x34 CMakeFiles/main.dir/Users/sathishkumar/Documents/2_PICO/pico-sdk/src/rp2_common/pico_stdio_usb/reset_interface.c.o
                0x10004484                tud_vendor_control_xfer_cb
 .text.usbd_app_driver_get_cb
                0x100044b8        0xc CMakeFiles/main.dir/Users/sathishkumar/Documents/2_PICO/pico-sdk/src/rp2_common/pico_stdio_usb/reset_interface.c.o
                0x100044b8                usbd_app_driver_get_cb
 .text.tud_cdc_line_coding_cb
                0x100044c4       0x2c CMakeFiles/main.dir/Users/sathishkumar/Documents/2_PICO/pico-sdk/src/rp2_common/pico_stdio_usb/reset_interface.c.o
                0x100044c4                tud_cdc_line_coding_cb
 .text.stdio_usb_set_chars_available_callback
                0x100044f0       0x14 CMakeFiles/main.dir/Users/sathishkumar/Documents/2_PICO/pico-sdk/src/rp2_common/pico_stdio_usb/stdio_usb.c.o
                0x100044f0                stdio_usb_set_chars_available_callback
 .text.usb_irq  0x10004504       0x10 CMakeFiles/main.dir/Users/sathishkumar/Documents/2_PICO/pico-sdk/src/rp2_common/pico_stdio_usb/stdio_usb.c.o
 .text.timer_task
                0x10004514       0x64 CMakeFiles/main.dir/Users/sathishkumar/Documents/2_PICO/pico-sdk/src/rp2_common/pico_stdio_usb/stdio_usb.c.o
 .text.stdio_usb_in_chars
                0x10004578       0x8c CMakeFiles/main.dir/Users/sathishkumar/Documents/2_PICO/pico-sdk/src/rp2_common/pico_stdio_usb/stdio_usb.c.o
                0x10004578                stdio_usb_in_chars
 .text.stdio_usb_out_flush
                0x10004604       0x4c CMakeFiles/main.dir/Users/sathishkumar/Documents/2_PICO/pico-sdk/src/rp2_common/pico_stdio_usb/stdio_usb.c.o
 .text.stdio_usb_out_chars
                0x10004650      0x100 CMakeFiles/main.dir/Users/sathishkumar/Documents/2_PICO/pico-sdk/src/rp2_common/pico_stdio_usb/stdio_usb.c.o
 .text.low_priority_worker_irq
                0x10004750       0xc8 CMakeFiles/main.dir/Users/sathishkumar/Documents/2_PICO/pico-sdk/src/rp2_common/pico_stdio_usb/stdio_usb.c.o
 .text.stdio_usb_init
                0x10004818       0xe8 CMakeFiles/main.dir/Users/sathishkumar/Documents/2_PICO/pico-sdk/src/rp2_common/pico_stdio_usb/stdio_usb.c.o
                0x10004818                stdio_usb_init
 .text.tud_descriptor_device_cb
                0x10004900        0x8 CMakeFiles/main.dir/Users/sathishkumar/Documents/2_PICO/pico-sdk/src/rp2_common/pico_stdio_usb/stdio_usb_descriptors.c.o
                0x10004900                tud_descriptor_device_cb
 .text.tud_descriptor_configuration_cb
                0x10004908        0x8 CMakeFiles/main.dir/Users/sathishkumar/Documents/2_PICO/pico-sdk/src/rp2_common/pico_stdio_usb/stdio_usb_descriptors.c.o
                0x10004908                tud_descriptor_configuration_cb
 .text.tud_descriptor_string_cb
                0x10004910       0x78 CMakeFiles/main.dir/Users/sathishkumar/Documents/2_PICO/pico-sdk/src/rp2_common/pico_stdio_usb/stdio_usb_descriptors.c.o
                0x10004910                tud_descriptor_string_cb
 .text.startup._retrieve_unique_id_on_boot
                0x10004988       0x10 CMakeFiles/main.dir/Users/sathishkumar/Documents/2_PICO/pico-sdk/src/rp2_common/pico_unique_id/unique_id.c.o
 .text.pico_get_unique_board_id_string
                0x10004998      0x1a8 CMakeFiles/main.dir/Users/sathishkumar/Documents/2_PICO/pico-sdk/src/rp2_common/pico_unique_id/unique_id.c.o
                0x10004998                pico_get_unique_board_id_string
 .text.flash_get_unique_id
                0x10004b40       0x3c CMakeFiles/main.dir/Users/sathishkumar/Documents/2_PICO/pico-sdk/src/rp2_common/hardware_flash/flash.c.o
                0x10004b40                flash_get_unique_id
 .text.dcd_init
                0x10004b7c       0x90 CMakeFiles/main.dir/Users/sathishkumar/Documents/2_PICO/pico-sdk/lib/tinyusb/src/portable/raspberrypi/rp2040/dcd_rp2040.c.o
                0x10004b7c                dcd_init
 .text.dcd_int_enable
                0x10004c0c        0xc CMakeFiles/main.dir/Users/sathishkumar/Documents/2_PICO/pico-sdk/lib/tinyusb/src/portable/raspberrypi/rp2040/dcd_rp2040.c.o
                0x10004c0c                dcd_int_enable
 .text.dcd_set_address
                0x10004c18       0x14 CMakeFiles/main.dir/Users/sathishkumar/Documents/2_PICO/pico-sdk/lib/tinyusb/src/portable/raspberrypi/rp2040/dcd_rp2040.c.o
                0x10004c18                dcd_set_address
 .text.dcd_sof_enable
                0x10004c2c       0x1c CMakeFiles/main.dir/Users/sathishkumar/Documents/2_PICO/pico-sdk/lib/tinyusb/src/portable/raspberrypi/rp2040/dcd_rp2040.c.o
                0x10004c2c                dcd_sof_enable
 .text.dcd_edpt0_status_complete
                0x10004c48       0x1c CMakeFiles/main.dir/Users/sathishkumar/Documents/2_PICO/pico-sdk/lib/tinyusb/src/portable/raspberrypi/rp2040/dcd_rp2040.c.o
                0x10004c48                dcd_edpt0_status_complete
 .text.dcd_edpt_open
                0x10004c64      0x114 CMakeFiles/main.dir/Users/sathishkumar/Documents/2_PICO/pico-sdk/lib/tinyusb/src/portable/raspberrypi/rp2040/dcd_rp2040.c.o
                0x10004c64                dcd_edpt_open
 .text.dcd_edpt_close_all
                0x10004d78        0x8 CMakeFiles/main.dir/Users/sathishkumar/Documents/2_PICO/pico-sdk/lib/tinyusb/src/portable/raspberrypi/rp2040/dcd_rp2040.c.o
                0x10004d78                dcd_edpt_close_all
 .text.dcd_edpt_xfer
                0x10004d80       0x24 CMakeFiles/main.dir/Users/sathishkumar/Documents/2_PICO/pico-sdk/lib/tinyusb/src/portable/raspberrypi/rp2040/dcd_rp2040.c.o
                0x10004d80                dcd_edpt_xfer
 .text.dcd_edpt_stall
                0x10004da4       0x3c CMakeFiles/main.dir/Users/sathishkumar/Documents/2_PICO/pico-sdk/lib/tinyusb/src/portable/raspberrypi/rp2040/dcd_rp2040.c.o
                0x10004da4                dcd_edpt_stall
 .text.dcd_edpt_clear_stall
                0x10004de0       0x30 CMakeFiles/main.dir/Users/sathishkumar/Documents/2_PICO/pico-sdk/lib/tinyusb/src/portable/raspberrypi/rp2040/dcd_rp2040.c.o
                0x10004de0                dcd_edpt_clear_stall
 .text.rp2040_usb_init
                0x10004e10       0x40 CMakeFiles/main.dir/Users/sathishkumar/Documents/2_PICO/pico-sdk/lib/tinyusb/src/portable/raspberrypi/rp2040/rp2040_usb.c.o
                0x10004e10                rp2040_usb_init
 .text.hw_endpoint_xfer_start
                0x10004e50       0x40 CMakeFiles/main.dir/Users/sathishkumar/Documents/2_PICO/pico-sdk/lib/tinyusb/src/portable/raspberrypi/rp2040/rp2040_usb.c.o
                0x10004e50                hw_endpoint_xfer_start
 .text.tud_event_hook_cb
                0x10004e90        0x4 CMakeFiles/main.dir/Users/sathishkumar/Documents/2_PICO/pico-sdk/lib/tinyusb/src/device/usbd.c.o
                0x10004e90                tud_event_hook_cb
 .text.tud_sof_cb
                0x10004e94        0x4 CMakeFiles/main.dir/Users/sathishkumar/Documents/2_PICO/pico-sdk/lib/tinyusb/src/device/usbd.c.o
                0x10004e94                tud_sof_cb
 .text.tud_descriptor_device_qualifier_cb
                0x10004e98        0x4 CMakeFiles/main.dir/Users/sathishkumar/Documents/2_PICO/pico-sdk/lib/tinyusb/src/device/usbd.c.o
                0x10004e98                tud_descriptor_device_qualifier_cb
 .text.tud_descriptor_other_speed_configuration_cb
                0x10004e9c        0x4 CMakeFiles/main.dir/Users/sathishkumar/Documents/2_PICO/pico-sdk/lib/tinyusb/src/device/usbd.c.o
                0x10004e9c                tud_descriptor_other_speed_configuration_cb
 .text.tud_mount_cb
                0x10004ea0        0x4 CMakeFiles/main.dir/Users/sathishkumar/Documents/2_PICO/pico-sdk/lib/tinyusb/src/device/usbd.c.o
                0x10004ea0                tud_mount_cb
 .text.tud_umount_cb
                0x10004ea4        0x4 CMakeFiles/main.dir/Users/sathishkumar/Documents/2_PICO/pico-sdk/lib/tinyusb/src/device/usbd.c.o
                0x10004ea4                tud_umount_cb
 .text.tud_suspend_cb
                0x10004ea8        0x4 CMakeFiles/main.dir/Users/sathishkumar/Documents/2_PICO/pico-sdk/lib/tinyusb/src/device/usbd.c.o
                0x10004ea8                tud_suspend_cb
 .text.tud_resume_cb
                0x10004eac        0x4 CMakeFiles/main.dir/Users/sathishkumar/Documents/2_PICO/pico-sdk/lib/tinyusb/src/device/usbd.c.o
                0x10004eac                tud_resume_cb
 .text.tud_mounted
                0x10004eb0       0x10 CMakeFiles/main.dir/Users/sathishkumar/Documents/2_PICO/pico-sdk/lib/tinyusb/src/device/usbd.c.o
                0x10004eb0                tud_mounted
 .text.tud_suspended
                0x10004ec0       0x10 CMakeFiles/main.dir/Users/sathishkumar/Documents/2_PICO/pico-sdk/lib/tinyusb/src/device/usbd.c.o
                0x10004ec0                tud_suspended
 .text.tud_rhport_init
                0x10004ed0       0xf4 CMakeFiles/main.dir/Users/sathishkumar/Documents/2_PICO/pico-sdk/lib/tinyusb/src/device/usbd.c.o
                0x10004ed0                tud_rhport_init
 .text.tud_task_ext
                0x10004fc4      0x800 CMakeFiles/main.dir/Users/sathishkumar/Documents/2_PICO/pico-sdk/lib/tinyusb/src/device/usbd.c.o
                0x10004fc4                tud_task_ext
 .text.usbd_open_edpt_pair
                0x100057c4       0x9c CMakeFiles/main.dir/Users/sathishkumar/Documents/2_PICO/pico-sdk/lib/tinyusb/src/device/usbd.c.o
                0x100057c4                usbd_open_edpt_pair
 .text.usbd_edpt_open
                0x10005860       0x34 CMakeFiles/main.dir/Users/sathishkumar/Documents/2_PICO/pico-sdk/lib/tinyusb/src/device/usbd.c.o
                0x10005860                usbd_edpt_open
 .text.usbd_edpt_claim
                0x10005894       0x28 CMakeFiles/main.dir/Users/sathishkumar/Documents/2_PICO/pico-sdk/lib/tinyusb/src/device/usbd.c.o
                0x10005894                usbd_edpt_claim
 .text.usbd_edpt_release
                0x100058bc       0x28 CMakeFiles/main.dir/Users/sathishkumar/Documents/2_PICO/pico-sdk/lib/tinyusb/src/device/usbd.c.o
                0x100058bc                usbd_edpt_release
 .text.usbd_edpt_xfer
                0x100058e4       0x4c CMakeFiles/main.dir/Users/sathishkumar/Documents/2_PICO/pico-sdk/lib/tinyusb/src/device/usbd.c.o
                0x100058e4                usbd_edpt_xfer
 .text.tud_control_status
                0x10005930       0x2c CMakeFiles/main.dir/Users/sathishkumar/Documents/2_PICO/pico-sdk/lib/tinyusb/src/device/usbd_control.c.o
                0x10005930                tud_control_status
 .text.tud_control_xfer
                0x1000595c       0xa8 CMakeFiles/main.dir/Users/sathishkumar/Documents/2_PICO/pico-sdk/lib/tinyusb/src/device/usbd_control.c.o
                0x1000595c                tud_control_xfer
 .text.usbd_control_reset
                0x10005a04       0x14 CMakeFiles/main.dir/Users/sathishkumar/Documents/2_PICO/pico-sdk/lib/tinyusb/src/device/usbd_control.c.o
                0x10005a04                usbd_control_reset
 .text.usbd_control_set_complete_callback
                0x10005a18        0xc CMakeFiles/main.dir/Users/sathishkumar/Documents/2_PICO/pico-sdk/lib/tinyusb/src/device/usbd_control.c.o
                0x10005a18                usbd_control_set_complete_callback
 .text.usbd_control_set_request
                0x10005a24       0x1c CMakeFiles/main.dir/Users/sathishkumar/Documents/2_PICO/pico-sdk/lib/tinyusb/src/device/usbd_control.c.o
                0x10005a24                usbd_control_set_request
 .text.usbd_control_xfer_cb
                0x10005a40       0xec CMakeFiles/main.dir/Users/sathishkumar/Documents/2_PICO/pico-sdk/lib/tinyusb/src/device/usbd_control.c.o
                0x10005a40                usbd_control_xfer_cb
 .text._prep_out_transaction.isra.0
                0x10005b2c       0x6c CMakeFiles/main.dir/Users/sathishkumar/Documents/2_PICO/pico-sdk/lib/tinyusb/src/class/cdc/cdc_device.c.o
 .text.tud_cdc_n_connected
                0x10005b98       0x2c CMakeFiles/main.dir/Users/sathishkumar/Documents/2_PICO/pico-sdk/lib/tinyusb/src/class/cdc/cdc_device.c.o
                0x10005b98                tud_cdc_n_connected
 .text.tud_cdc_n_available
                0x10005bc4       0x14 CMakeFiles/main.dir/Users/sathishkumar/Documents/2_PICO/pico-sdk/lib/tinyusb/src/class/cdc/cdc_device.c.o
                0x10005bc4                tud_cdc_n_available
 .text.tud_cdc_n_read
                0x10005bd8       0x88 CMakeFiles/main.dir/Users/sathishkumar/Documents/2_PICO/pico-sdk/lib/tinyusb/src/class/cdc/cdc_device.c.o
                0x10005bd8                tud_cdc_n_read
 .text.tud_cdc_n_write_flush
                0x10005c60       0x74 CMakeFiles/main.dir/Users/sathishkumar/Documents/2_PICO/pico-sdk/lib/tinyusb/src/class/cdc/cdc_device.c.o
                0x10005c60                tud_cdc_n_write_flush
 .text.tud_cdc_n_write
                0x10005cd4       0x40 CMakeFiles/main.dir/Users/sathishkumar/Documents/2_PICO/pico-sdk/lib/tinyusb/src/class/cdc/cdc_device.c.o
                0x10005cd4                tud_cdc_n_write
 .text.tud_cdc_n_write_available
                0x10005d14       0x14 CMakeFiles/main.dir/Users/sathishkumar/Documents/2_PICO/pico-sdk/lib/tinyusb/src/class/cdc/cdc_device.c.o
                0x10005d14                tud_cdc_n_write_available
 .text.cdcd_init
                0x10005d28       0x70 CMakeFiles/main.dir/Users/sathishkumar/Documents/2_PICO/pico-sdk/lib/tinyusb/src/class/cdc/cdc_device.c.o
                0x10005d28                cdcd_init
 .text.cdcd_deinit
                0x10005d98       0x30 CMakeFiles/main.dir/Users/sathishkumar/Documents/2_PICO/pico-sdk/lib/tinyusb/src/class/cdc/cdc_device.c.o
                0x10005d98                cdcd_deinit
 .text.cdcd_reset
                0x10005dc8       0x4c CMakeFiles/main.dir/Users/sathishkumar/Documents/2_PICO/pico-sdk/lib/tinyusb/src/class/cdc/cdc_device.c.o
                0x10005dc8                cdcd_reset
 .text.cdcd_open
                0x10005e14       0xa4 CMakeFiles/main.dir/Users/sathishkumar/Documents/2_PICO/pico-sdk/lib/tinyusb/src/class/cdc/cdc_device.c.o
                0x10005e14                cdcd_open
 .text.cdcd_control_xfer_cb
                0x10005eb8       0xe8 CMakeFiles/main.dir/Users/sathishkumar/Documents/2_PICO/pico-sdk/lib/tinyusb/src/class/cdc/cdc_device.c.o
                0x10005eb8                cdcd_control_xfer_cb
 .text.cdcd_xfer_cb
                0x10005fa0      0x100 CMakeFiles/main.dir/Users/sathishkumar/Documents/2_PICO/pico-sdk/lib/tinyusb/src/class/cdc/cdc_device.c.o
                0x10005fa0                cdcd_xfer_cb
 .text.vendord_init
                0x100060a0       0x5c CMakeFiles/main.dir/Users/sathishkumar/Documents/2_PICO/pico-sdk/lib/tinyusb/src/class/vendor/vendor_device.c.o
                0x100060a0                vendord_init
 .text.vendord_deinit
                0x100060fc       0x1c CMakeFiles/main.dir/Users/sathishkumar/Documents/2_PICO/pico-sdk/lib/tinyusb/src/class/vendor/vendor_device.c.o
                0x100060fc                vendord_deinit
 .text.vendord_reset
                0x10006118       0x28 CMakeFiles/main.dir/Users/sathishkumar/Documents/2_PICO/pico-sdk/lib/tinyusb/src/class/vendor/vendor_device.c.o
                0x10006118                vendord_reset
 .text.vendord_open
                0x10006140      0x120 CMakeFiles/main.dir/Users/sathishkumar/Documents/2_PICO/pico-sdk/lib/tinyusb/src/class/vendor/vendor_device.c.o
                0x10006140                vendord_open
 .text.vendord_xfer_cb
                0x10006260       0x9c CMakeFiles/main.dir/Users/sathishkumar/Documents/2_PICO/pico-sdk/lib/tinyusb/src/class/vendor/vendor_device.c.o
                0x10006260                vendord_xfer_cb
 .text.tusb_rhport_init
                0x100062fc       0x4c CMakeFiles/main.dir/Users/sathishkumar/Documents/2_PICO/pico-sdk/lib/tinyusb/src/tusb.c.o
                0x100062fc                tusb_rhport_init
 .text.tu_edpt_claim
                0x10006348       0x50 CMakeFiles/main.dir/Users/sathishkumar/Documents/2_PICO/pico-sdk/lib/tinyusb/src/tusb.c.o
                0x10006348                tu_edpt_claim
 .text.tu_edpt_release
                0x10006398       0x38 CMakeFiles/main.dir/Users/sathishkumar/Documents/2_PICO/pico-sdk/lib/tinyusb/src/tusb.c.o
                0x10006398                tu_edpt_release
 .text.tu_edpt_validate
                0x100063d0       0x7c CMakeFiles/main.dir/Users/sathishkumar/Documents/2_PICO/pico-sdk/lib/tinyusb/src/tusb.c.o
                0x100063d0                tu_edpt_validate
 .text.tu_edpt_bind_driver
                0x1000644c       0x34 CMakeFiles/main.dir/Users/sathishkumar/Documents/2_PICO/pico-sdk/lib/tinyusb/src/tusb.c.o
                0x1000644c                tu_edpt_bind_driver
 .text.tu_edpt_stream_init
                0x10006480       0x6c CMakeFiles/main.dir/Users/sathishkumar/Documents/2_PICO/pico-sdk/lib/tinyusb/src/tusb.c.o
                0x10006480                tu_edpt_stream_init
 .text.tu_edpt_stream_deinit
                0x100064ec        0x4 CMakeFiles/main.dir/Users/sathishkumar/Documents/2_PICO/pico-sdk/lib/tinyusb/src/tusb.c.o
                0x100064ec                tu_edpt_stream_deinit
 .text.tu_edpt_stream_write_zlp_if_needed
                0x100064f0       0x68 CMakeFiles/main.dir/Users/sathishkumar/Documents/2_PICO/pico-sdk/lib/tinyusb/src/tusb.c.o
                0x100064f0                tu_edpt_stream_write_zlp_if_needed
 .text.tu_edpt_stream_write_xfer
                0x10006558       0x68 CMakeFiles/main.dir/Users/sathishkumar/Documents/2_PICO/pico-sdk/lib/tinyusb/src/tusb.c.o
                0x10006558                tu_edpt_stream_write_xfer
 .text.tu_edpt_stream_read_xfer
                0x100065c0       0xd8 CMakeFiles/main.dir/Users/sathishkumar/Documents/2_PICO/pico-sdk/lib/tinyusb/src/tusb.c.o
                0x100065c0                tu_edpt_stream_read_xfer
 .text.tu_fifo_config
                0x10006698       0x6c CMakeFiles/main.dir/Users/sathishkumar/Documents/2_PICO/pico-sdk/lib/tinyusb/src/common/tusb_fifo.c.o
                0x10006698                tu_fifo_config
 .text.tu_fifo_count
                0x10006704       0x2c CMakeFiles/main.dir/Users/sathishkumar/Documents/2_PICO/pico-sdk/lib/tinyusb/src/common/tusb_fifo.c.o
                0x10006704                tu_fifo_count
 .text.tu_fifo_empty
                0x10006730       0x10 CMakeFiles/main.dir/Users/sathishkumar/Documents/2_PICO/pico-sdk/lib/tinyusb/src/common/tusb_fifo.c.o
                0x10006730                tu_fifo_empty
 .text.tu_fifo_remaining
                0x10006740       0x2c CMakeFiles/main.dir/Users/sathishkumar/Documents/2_PICO/pico-sdk/lib/tinyusb/src/common/tusb_fifo.c.o
                0x10006740                tu_fifo_remaining
 .text.tu_fifo_read
                0x1000676c       0x9c CMakeFiles/main.dir/Users/sathishkumar/Documents/2_PICO/pico-sdk/lib/tinyusb/src/common/tusb_fifo.c.o
                0x1000676c                tu_fifo_read
 .text.tu_fifo_read_n
                0x10006808       0xe8 CMakeFiles/main.dir/Users/sathishkumar/Documents/2_PICO/pico-sdk/lib/tinyusb/src/common/tusb_fifo.c.o
                0x10006808                tu_fifo_read_n
 .text.tu_fifo_write
                0x100068f0       0xa4 CMakeFiles/main.dir/Users/sathishkumar/Documents/2_PICO/pico-sdk/lib/tinyusb/src/common/tusb_fifo.c.o
                0x100068f0                tu_fifo_write
 .text.tu_fifo_write_n
                0x10006994      0x178 CMakeFiles/main.dir/Users/sathishkumar/Documents/2_PICO/pico-sdk/lib/tinyusb/src/common/tusb_fifo.c.o
                0x10006994                tu_fifo_write_n
 .text.tu_fifo_clear
                0x10006b0c       0x40 CMakeFiles/main.dir/Users/sathishkumar/Documents/2_PICO/pico-sdk/lib/tinyusb/src/common/tusb_fifo.c.o
                0x10006b0c                tu_fifo_clear
 .text.tu_fifo_set_overwritable
                0x10006b4c       0x48 CMakeFiles/main.dir/Users/sathishkumar/Documents/2_PICO/pico-sdk/lib/tinyusb/src/common/tusb_fifo.c.o
                0x10006b4c                tu_fifo_set_overwritable
 .text.adc_init
                0x10006b94       0x38 CMakeFiles/main.dir/Users/sathishkumar/Documents/2_PICO/pico-sdk/src/rp2_common/hardware_adc/adc.c.o
                0x10006b94                adc_init
 .text.core1_trampoline
                0x10006bcc        0x4 CMakeFiles/main.dir/Users/sathishkumar/Documents/2_PICO/pico-sdk/src/rp2_common/pico_multicore/multicore.c.o
 .text.core1_wrapper
                0x10006bd0        0xc CMakeFiles/main.dir/Users/sathishkumar/Documents/2_PICO/pico-sdk/src/rp2_common/pico_multicore/multicore.c.o
                0x10006bd0                core1_wrapper
 .text.multicore_launch_core1_raw
                0x10006bdc       0x8c CMakeFiles/main.dir/Users/sathishkumar/Documents/2_PICO/pico-sdk/src/rp2_common/pico_multicore/multicore.c.o
                0x10006bdc                multicore_launch_core1_raw
 .text.multicore_launch_core1
                0x10006c68       0x58 CMakeFiles/main.dir/Users/sathishkumar/Documents/2_PICO/pico-sdk/src/rp2_common/pico_multicore/multicore.c.o
                0x10006c68                multicore_launch_core1
 .text.strlen   0x10006cc0       0x5c /Applications/ArmGNUToolchain/14.2.rel1/arm-none-eabi/bin/../lib/gcc/arm-none-eabi/14.2.1/../../../../arm-none-eabi/lib/thumb/v6-m/nofp/libg.a(libc_a-strlen-stub.o)
                0x10006cc0                strlen
 *(.fini)
 .fini          0x10006d1c        0x4 /Applications/ArmGNUToolchain/14.2.rel1/arm-none-eabi/bin/../lib/gcc/arm-none-eabi/14.2.1/thumb/v6-m/nofp/crti.o
                0x10006d1c                _fini
 .fini.__stub   0x10006d20       0xc0 linker stubs
 *crtbegin.o(.ctors)
 *crtbegin?.o(.ctors)
 *(EXCLUDE_FILE(*crtend.o *crtend?.o) .ctors)
 *(SORT_BY_NAME(.ctors.*))
 *(.ctors)
 *crtbegin.o(.dtors)
 *crtbegin?.o(.dtors)
 *(EXCLUDE_FILE(*crtend.o *crtend?.o) .dtors)
 *(SORT_BY_NAME(.dtors.*))
 *(.dtors)
                0x10006de0                        . = ALIGN (0x4)
                0x10006de0                        PROVIDE (__preinit_array_start = .)
 *(SORT_BY_NAME(.preinit_array.*))
 .preinit_array.00100
                0x10006de0        0x4 CMakeFiles/main.dir/Users/sathishkumar/Documents/2_PICO/pico-sdk/src/rp2_common/pico_runtime_init/runtime_init.c.o
                0x10006de0                __pre_init_runtime_init_early_resets
 .preinit_array.00101
                0x10006de4        0x4 CMakeFiles/main.dir/Users/sathishkumar/Documents/2_PICO/pico-sdk/src/rp2_common/pico_runtime_init/runtime_init.c.o
                0x10006de4                __pre_init_runtime_init_usb_power_down
 .preinit_array.00275
                0x10006de8        0x4 CMakeFiles/main.dir/Users/sathishkumar/Documents/2_PICO/pico-sdk/src/rp2_common/pico_bit_ops/bit_ops_aeabi.S.o
 .preinit_array.00300
                0x10006dec        0x4 CMakeFiles/main.dir/Users/sathishkumar/Documents/2_PICO/pico-sdk/src/rp2_common/pico_mem_ops/mem_ops_aeabi.S.o
 .preinit_array.00350
                0x10006df0        0x4 CMakeFiles/main.dir/Users/sathishkumar/Documents/2_PICO/pico-sdk/src/rp2_common/pico_double/double_aeabi_rp2040.S.o
 .preinit_array.00350
                0x10006df4        0x4 CMakeFiles/main.dir/Users/sathishkumar/Documents/2_PICO/pico-sdk/src/rp2_common/pico_float/float_aeabi_rp2040.S.o
 .preinit_array.00500
                0x10006df8        0x4 CMakeFiles/main.dir/Users/sathishkumar/Documents/2_PICO/pico-sdk/src/rp2_common/pico_runtime_init/runtime_init.c.o
                0x10006df8                __pre_init_runtime_init_clocks
 .preinit_array.00600
                0x10006dfc        0x4 CMakeFiles/main.dir/Users/sathishkumar/Documents/2_PICO/pico-sdk/src/rp2_common/pico_runtime_init/runtime_init.c.o
                0x10006dfc                __pre_init_runtime_init_post_clock_resets
 .preinit_array.00700
                0x10006e00        0x4 CMakeFiles/main.dir/Users/sathishkumar/Documents/2_PICO/pico-sdk/src/rp2_common/pico_runtime_init/runtime_init.c.o
                0x10006e00                __pre_init_runtime_init_rp2040_gpio_ie_disable
 .preinit_array.01000
                0x10006e04        0x4 CMakeFiles/main.dir/Users/sathishkumar/Documents/2_PICO/pico-sdk/src/rp2_common/pico_runtime_init/runtime_init.c.o
                0x10006e04                __pre_init_runtime_init_spin_locks_reset
 .preinit_array.01100
                0x10006e08        0x4 CMakeFiles/main.dir/Users/sathishkumar/Documents/2_PICO/pico-sdk/src/common/pico_sync/mutex.c.o
                0x10006e08                __pre_init_runtime_init_mutex
 .preinit_array.10080
                0x10006e0c        0x4 CMakeFiles/main.dir/Users/sathishkumar/Documents/2_PICO/pico-sdk/src/rp2_common/pico_runtime_init/runtime_init.c.o
                0x10006e0c                __pre_init_runtime_init_install_ram_vector_table
 .preinit_array.11000
                0x10006e10        0x4 CMakeFiles/main.dir/Users/sathishkumar/Documents/2_PICO/pico-sdk/src/common/pico_time/time.c.o
                0x10006e10                __pre_init_runtime_init_default_alarm_pool
 .preinit_array.YYYYY
                0x10006e14        0x4 CMakeFiles/main.dir/Users/sathishkumar/Documents/2_PICO/pico-sdk/src/rp2_common/pico_runtime/runtime.c.o
                0x10006e14                __pre_init_first_per_core_initializer
 .preinit_array.ZZZZZ.01200
                0x10006e18        0x4 CMakeFiles/main.dir/Users/sathishkumar/Documents/2_PICO/pico-sdk/src/rp2_common/hardware_irq/irq.c.o
                0x10006e18                __pre_init_runtime_init_per_core_irq_priorities
 *(.preinit_array)
                0x10006e1c                        PROVIDE (__preinit_array_end = .)
                0x10006e1c                        . = ALIGN (0x4)
                0x10006e1c                        PROVIDE (__init_array_start = .)
 *(SORT_BY_NAME(.init_array.*))
 *(.init_array)
 .init_array    0x10006e1c        0x4 /Applications/ArmGNUToolchain/14.2.rel1/arm-none-eabi/bin/../lib/gcc/arm-none-eabi/14.2.1/thumb/v6-m/nofp/crtbegin.o
 .init_array    0x10006e20        0x4 CMakeFiles/main.dir/Users/sathishkumar/Documents/2_PICO/pico-sdk/src/rp2_common/pico_unique_id/unique_id.c.o
                0x10006e24                        PROVIDE (__init_array_end = .)
                0x10006e24                        . = ALIGN (0x4)
                [!provide]                        PROVIDE (__fini_array_start = .)
 *(SORT_BY_NAME(.fini_array.*))
 *(.fini_array)
                [!provide]                        PROVIDE (__fini_array_end = .)
 *(.eh_frame*)
 .eh_frame      0x10006e24        0x0 /Applications/ArmGNUToolchain/14.2.rel1/arm-none-eabi/bin/../lib/gcc/arm-none-eabi/14.2.1/thumb/v6-m/nofp/crtbegin.o
                0x10006e24                        . = ALIGN (0x4)

.glue_7         0x10006e24        0x0
 .glue_7        0x10006e24        0x0 linker stubs

.glue_7t        0x10006e24        0x0
 .glue_7t       0x10006e24        0x0 linker stubs

.vfp11_veneer   0x10006e24        0x0
 .vfp11_veneer  0x10006e24        0x0 linker stubs

.v4_bx          0x10006e24        0x0
 .v4_bx         0x10006e24        0x0 linker stubs

.iplt           0x10006e24        0x0
 .iplt          0x10006e24        0x0 /Applications/ArmGNUToolchain/14.2.rel1/arm-none-eabi/bin/../lib/gcc/arm-none-eabi/14.2.1/thumb/v6-m/nofp/crtbegin.o

.rodata         0x10006e28      0x66c
 *(EXCLUDE_FILE(*libm.a: *libc.a:*lib_a-mem*.o *libgcc.a:) .rodata*)
 .rodata.main.str1.4
                0x10006e28      0x1c4 CMakeFiles/main.dir/main.c.o
                                 0x55 (size before relaxing)
 .rodata.panic.str1.4
                0x10006fec       0x12 CMakeFiles/main.dir/Users/sathishkumar/Documents/2_PICO/pico-sdk/src/rp2_common/pico_platform_panic/panic.c.o
 .rodata.spin_lock_claim_unused.str1.4
                0x10006fec       0x1b CMakeFiles/main.dir/Users/sathishkumar/Documents/2_PICO/pico-sdk/src/rp2_common/hardware_sync/sync.c.o
 .rodata.user_irq_claim_unused.str1.4
                0x10006fec       0x1b CMakeFiles/main.dir/Users/sathishkumar/Documents/2_PICO/pico-sdk/src/rp2_common/hardware_irq/irq.c.o
 .rodata.timer_hardware_alarm_claim.str1.4
                0x10006fec       0x22 CMakeFiles/main.dir/Users/sathishkumar/Documents/2_PICO/pico-sdk/src/rp2_common/hardware_timer/timer.c.o
 .rodata.hard_assertion_failure.str1.4
                0x10006fec        0xc CMakeFiles/main.dir/Users/sathishkumar/Documents/2_PICO/pico-sdk/src/rp2_common/pico_runtime/runtime.c.o
 .rodata.str1.4
                0x10006fec       0x3c CMakeFiles/main.dir/Users/sathishkumar/Documents/2_PICO/pico-sdk/src/rp2_common/pico_standard_binary_info/standard_binary_info.c.o
 .rodata.__bi_84
                0x10006fec        0xc CMakeFiles/main.dir/Users/sathishkumar/Documents/2_PICO/pico-sdk/src/rp2_common/pico_standard_binary_info/standard_binary_info.c.o
 .rodata.__bi_78
                0x10006ff8        0xc CMakeFiles/main.dir/Users/sathishkumar/Documents/2_PICO/pico-sdk/src/rp2_common/pico_standard_binary_info/standard_binary_info.c.o
 .rodata.__bi_54
                0x10007004        0xc CMakeFiles/main.dir/Users/sathishkumar/Documents/2_PICO/pico-sdk/src/rp2_common/pico_standard_binary_info/standard_binary_info.c.o
 .rodata.__bi_48
                0x10007010        0xc CMakeFiles/main.dir/Users/sathishkumar/Documents/2_PICO/pico-sdk/src/rp2_common/pico_standard_binary_info/standard_binary_info.c.o
 .rodata.__bi_42
                0x1000701c        0xc CMakeFiles/main.dir/Users/sathishkumar/Documents/2_PICO/pico-sdk/src/rp2_common/pico_standard_binary_info/standard_binary_info.c.o
 .rodata.__bi_34
                0x10007028        0xc CMakeFiles/main.dir/Users/sathishkumar/Documents/2_PICO/pico-sdk/src/rp2_common/pico_standard_binary_info/standard_binary_info.c.o
 .rodata.__bi_26
                0x10007034        0xc CMakeFiles/main.dir/Users/sathishkumar/Documents/2_PICO/pico-sdk/src/rp2_common/pico_standard_binary_info/standard_binary_info.c.o
 .rodata._ftoa.str1.4
                0x10007040       0x15 CMakeFiles/main.dir/Users/sathishkumar/Documents/2_PICO/pico-sdk/src/rp2_common/pico_printf/printf.c.o
 .rodata._vsnprintf
                0x10007040      0x19c CMakeFiles/main.dir/Users/sathishkumar/Documents/2_PICO/pico-sdk/src/rp2_common/pico_printf/printf.c.o
 *fill*         0x100071dc        0x4 
 .rodata.pow10.0
                0x100071e0       0x50 CMakeFiles/main.dir/Users/sathishkumar/Documents/2_PICO/pico-sdk/src/rp2_common/pico_printf/printf.c.o
 .rodata.crlf_str.0
                0x10007230        0x2 CMakeFiles/main.dir/Users/sathishkumar/Documents/2_PICO/pico-sdk/src/rp2_common/pico_stdio/stdio.c.o
 *fill*         0x10007232        0x2 
 .rodata._resetd_driver
                0x10007234       0x20 CMakeFiles/main.dir/Users/sathishkumar/Documents/2_PICO/pico-sdk/src/rp2_common/pico_stdio_usb/reset_interface.c.o
 .rodata.desc_ms_os_20
                0x10007254       0xa6 CMakeFiles/main.dir/Users/sathishkumar/Documents/2_PICO/pico-sdk/src/rp2_common/pico_stdio_usb/reset_interface.c.o
 *fill*         0x100072fa        0x2 
 .rodata.desc_bos
                0x100072fc       0x21 CMakeFiles/main.dir/Users/sathishkumar/Documents/2_PICO/pico-sdk/src/rp2_common/pico_stdio_usb/reset_interface.c.o
                0x100072fc                desc_bos
 .rodata.str1.4
                0x1000731d       0x13 CMakeFiles/main.dir/Users/sathishkumar/Documents/2_PICO/pico-sdk/src/rp2_common/pico_stdio_usb/stdio_usb.c.o
 *fill*         0x1000731d        0x3 
 .rodata.__bi_197.0
                0x10007320        0xc CMakeFiles/main.dir/Users/sathishkumar/Documents/2_PICO/pico-sdk/src/rp2_common/pico_stdio_usb/stdio_usb.c.o
 .rodata.str1.4
                0x1000732c       0x2a CMakeFiles/main.dir/Users/sathishkumar/Documents/2_PICO/pico-sdk/src/rp2_common/pico_stdio_usb/stdio_usb_descriptors.c.o
 .rodata.usbd_desc_str
                0x1000732c       0x18 CMakeFiles/main.dir/Users/sathishkumar/Documents/2_PICO/pico-sdk/src/rp2_common/pico_stdio_usb/stdio_usb_descriptors.c.o
 .rodata.usbd_desc_cfg
                0x10007344       0x54 CMakeFiles/main.dir/Users/sathishkumar/Documents/2_PICO/pico-sdk/src/rp2_common/pico_stdio_usb/stdio_usb_descriptors.c.o
 .rodata.usbd_desc_device
                0x10007398       0x12 CMakeFiles/main.dir/Users/sathishkumar/Documents/2_PICO/pico-sdk/src/rp2_common/pico_stdio_usb/stdio_usb_descriptors.c.o
 .rodata.str1.4
                0x100073aa       0x14 CMakeFiles/main.dir/Users/sathishkumar/Documents/2_PICO/pico-sdk/lib/tinyusb/src/portable/raspberrypi/rp2040/dcd_rp2040.c.o
 .rodata.str1.4
                0x100073aa       0x48 CMakeFiles/main.dir/Users/sathishkumar/Documents/2_PICO/pico-sdk/lib/tinyusb/src/portable/raspberrypi/rp2040/rp2040_usb.c.o
 *fill*         0x100073aa        0x2 
 .rodata.tud_task_ext
                0x100073ac       0x8c CMakeFiles/main.dir/Users/sathishkumar/Documents/2_PICO/pico-sdk/lib/tinyusb/src/device/usbd.c.o
 .rodata        0x10007438       0x1c CMakeFiles/main.dir/Users/sathishkumar/Documents/2_PICO/pico-sdk/lib/tinyusb/src/device/usbd.c.o
 .rodata._usbd_driver
                0x10007454       0x40 CMakeFiles/main.dir/Users/sathishkumar/Documents/2_PICO/pico-sdk/lib/tinyusb/src/device/usbd.c.o
                0x10007494                        . = ALIGN (0x4)
 *(SORT_BY_ALIGNMENT(SORT_BY_NAME(.flashdata*)))
                0x10007494                        . = ALIGN (0x4)

.ARM.extab
 *(.ARM.extab* .gnu.linkonce.armextab.*)
                0x10007494                        __exidx_start = .

.ARM.exidx
 *(.ARM.exidx* .gnu.linkonce.armexidx.*)
                0x10007494                        __exidx_end = .
                0x10007494                        . = ALIGN (0x4)
                0x10007494                        __binary_info_start = .

.binary_info    0x10007494       0x20
 *(.binary_info.keep.*)
 .binary_info.keep.__bi_ptr84
                0x10007494        0x4 CMakeFiles/main.dir/Users/sathishkumar/Documents/2_PICO/pico-sdk/src/rp2_common/pico_standard_binary_info/standard_binary_info.c.o
 .binary_info.keep.__bi_ptr78
                0x10007498        0x4 CMakeFiles/main.dir/Users/sathishkumar/Documents/2_PICO/pico-sdk/src/rp2_common/pico_standard_binary_info/standard_binary_info.c.o
 .binary_info.keep.__bi_ptr54
                0x1000749c        0x4 CMakeFiles/main.dir/Users/sathishkumar/Documents/2_PICO/pico-sdk/src/rp2_common/pico_standard_binary_info/standard_binary_info.c.o
 .binary_info.keep.__bi_ptr48
                0x100074a0        0x4 CMakeFiles/main.dir/Users/sathishkumar/Documents/2_PICO/pico-sdk/src/rp2_common/pico_standard_binary_info/standard_binary_info.c.o
 .binary_info.keep.__bi_ptr42
                0x100074a4        0x4 CMakeFiles/main.dir/Users/sathishkumar/Documents/2_PICO/pico-sdk/src/rp2_common/pico_standard_binary_info/standard_binary_info.c.o
 .binary_info.keep.__bi_ptr34
                0x100074a8        0x4 CMakeFiles/main.dir/Users/sathishkumar/Documents/2_PICO/pico-sdk/src/rp2_common/pico_standard_binary_info/standard_binary_info.c.o
 .binary_info.keep.__bi_ptr26
                0x100074ac        0x4 CMakeFiles/main.dir/Users/sathishkumar/Documents/2_PICO/pico-sdk/src/rp2_common/pico_standard_binary_info/standard_binary_info.c.o
 *(.binary_info.*)
 .binary_info.__bi_ptr197
                0x100074b0        0x4 CMakeFiles/main.dir/Users/sathishkumar/Documents/2_PICO/pico-sdk/src/rp2_common/pico_stdio_usb/stdio_usb.c.o
                0x100074b4                        __binary_info_end = .

.rel.dyn        0x100074b4        0x0
 .rel.iplt      0x100074b4        0x0 /Applications/ArmGNUToolchain/14.2.rel1/arm-none-eabi/bin/../lib/gcc/arm-none-eabi/14.2.1/thumb/v6-m/nofp/crtbegin.o
                0x100074b4                        . = ALIGN (0x4)

.ram_vector_table
                0x20000000       0xc0
 *(.ram_vector_table)
 .ram_vector_table
                0x20000000       0xc0 CMakeFiles/main.dir/Users/sathishkumar/Documents/2_PICO/pico-sdk/src/rp2_common/pico_runtime_init/runtime_init.c.o
                0x20000000                ram_vector_table

.uninitialized_data
                0x200000c0        0x0
                0x200000c0                        . = ALIGN (0x4)
 *(.uninitialized_data*)

.data           0x200000c0      0xfa8 load address 0x100074b4
                0x200000c0                        __data_start__ = .
 *(vtable)
 *(.time_critical*)
 .time_critical.mutex_try_enter
                0x200000c0       0x40 CMakeFiles/main.dir/Users/sathishkumar/Documents/2_PICO/pico-sdk/src/common/pico_sync/mutex.c.o
                0x200000c0                mutex_try_enter
 .time_critical.mutex_try_enter_block_until
                0x20000100       0x98 CMakeFiles/main.dir/Users/sathishkumar/Documents/2_PICO/pico-sdk/src/common/pico_sync/mutex.c.o
                0x20000100                mutex_try_enter_block_until
 .time_critical.mutex_enter_timeout_ms
                0x20000198       0x8c CMakeFiles/main.dir/Users/sathishkumar/Documents/2_PICO/pico-sdk/src/common/pico_sync/mutex.c.o
                0x20000198                mutex_enter_timeout_ms
 .time_critical.mutex_exit
                0x20000224       0x28 CMakeFiles/main.dir/Users/sathishkumar/Documents/2_PICO/pico-sdk/src/common/pico_sync/mutex.c.o
                0x20000224                mutex_exit
 .time_critical.flash_init_boot2_copyout
                0x2000024c       0x30 CMakeFiles/main.dir/Users/sathishkumar/Documents/2_PICO/pico-sdk/src/rp2_common/hardware_flash/flash.c.o
 .time_critical.flash_enable_xip_via_boot2
                0x2000027c        0xc CMakeFiles/main.dir/Users/sathishkumar/Documents/2_PICO/pico-sdk/src/rp2_common/hardware_flash/flash.c.o
 .time_critical.flash_cs_force
                0x20000288       0x38 CMakeFiles/main.dir/Users/sathishkumar/Documents/2_PICO/pico-sdk/src/rp2_common/hardware_flash/flash.c.o
 .time_critical.flash_do_cmd
                0x200002c0      0x130 CMakeFiles/main.dir/Users/sathishkumar/Documents/2_PICO/pico-sdk/src/rp2_common/hardware_flash/flash.c.o
                0x200002c0                flash_do_cmd
 .time_critical.reset_non_control_endpoints
                0x200003f0       0x68 CMakeFiles/main.dir/Users/sathishkumar/Documents/2_PICO/pico-sdk/lib/tinyusb/src/portable/raspberrypi/rp2040/dcd_rp2040.c.o
 .time_critical.hw_handle_buff_status
                0x20000458       0xa0 CMakeFiles/main.dir/Users/sathishkumar/Documents/2_PICO/pico-sdk/lib/tinyusb/src/portable/raspberrypi/rp2040/dcd_rp2040.c.o
 .time_critical.dcd_rp2040_irq
                0x200004f8      0x548 CMakeFiles/main.dir/Users/sathishkumar/Documents/2_PICO/pico-sdk/lib/tinyusb/src/portable/raspberrypi/rp2040/dcd_rp2040.c.o
 .time_critical.prepare_ep_buffer
                0x20000a40       0xc8 CMakeFiles/main.dir/Users/sathishkumar/Documents/2_PICO/pico-sdk/lib/tinyusb/src/portable/raspberrypi/rp2040/rp2040_usb.c.o
 .time_critical.sync_ep_buffer
                0x20000b08       0x9c CMakeFiles/main.dir/Users/sathishkumar/Documents/2_PICO/pico-sdk/lib/tinyusb/src/portable/raspberrypi/rp2040/rp2040_usb.c.o
 .time_critical._hw_endpoint_xfer_sync
                0x20000ba4       0x28 CMakeFiles/main.dir/Users/sathishkumar/Documents/2_PICO/pico-sdk/lib/tinyusb/src/portable/raspberrypi/rp2040/rp2040_usb.c.o
 .time_critical.e15_is_bulkin_ep
                0x20000bcc       0x28 CMakeFiles/main.dir/Users/sathishkumar/Documents/2_PICO/pico-sdk/lib/tinyusb/src/portable/raspberrypi/rp2040/rp2040_usb.c.o
 .time_critical.e15_is_critical_frame_period
                0x20000bf4       0x34 CMakeFiles/main.dir/Users/sathishkumar/Documents/2_PICO/pico-sdk/lib/tinyusb/src/portable/raspberrypi/rp2040/rp2040_usb.c.o
 .time_critical.hw_endpoint_reset_transfer
                0x20000c28        0xc CMakeFiles/main.dir/Users/sathishkumar/Documents/2_PICO/pico-sdk/lib/tinyusb/src/portable/raspberrypi/rp2040/rp2040_usb.c.o
                0x20000c28                hw_endpoint_reset_transfer
 .time_critical._hw_endpoint_buffer_control_update32
                0x20000c34       0x50 CMakeFiles/main.dir/Users/sathishkumar/Documents/2_PICO/pico-sdk/lib/tinyusb/src/portable/raspberrypi/rp2040/rp2040_usb.c.o
                0x20000c34                _hw_endpoint_buffer_control_update32
 .time_critical.hw_endpoint_start_next_buffer
                0x20000c84       0x68 CMakeFiles/main.dir/Users/sathishkumar/Documents/2_PICO/pico-sdk/lib/tinyusb/src/portable/raspberrypi/rp2040/rp2040_usb.c.o
                0x20000c84                hw_endpoint_start_next_buffer
 .time_critical.hw_endpoint_xfer_continue
                0x20000cec       0x40 CMakeFiles/main.dir/Users/sathishkumar/Documents/2_PICO/pico-sdk/lib/tinyusb/src/portable/raspberrypi/rp2040/rp2040_usb.c.o
                0x20000cec                hw_endpoint_xfer_continue
 .time_critical.tinyusb
                0x20000d2c      0x1e4 CMakeFiles/main.dir/Users/sathishkumar/Documents/2_PICO/pico-sdk/lib/tinyusb/src/device/usbd.c.o
                0x20000d2c                dcd_event_handler
 *(.text*)
 .text          0x20000f10        0x4 /Applications/ArmGNUToolchain/14.2.rel1/arm-none-eabi/bin/../lib/gcc/arm-none-eabi/14.2.1/thumb/v6-m/nofp/libgcc.a(_dvmd_tls.o)
                0x20000f10                __aeabi_ldiv0
                0x20000f10                __aeabi_idiv0
 *fill*         0x20000f14        0x4 
 .text.__stub   0x20000f18       0x80 linker stubs
                0x20000f98                        . = ALIGN (0x4)
 *(.rodata*)
                0x20000f98                        . = ALIGN (0x4)
 *(.data*)
 .data.striped_spin_lock_num
                0x20000f98        0x1 CMakeFiles/main.dir/Users/sathishkumar/Documents/2_PICO/pico-sdk/src/rp2_common/hardware_sync/sync.c.o
 *fill*         0x20000f99        0x3 
 .data          0x20000f9c       0x48 CMakeFiles/main.dir/Users/sathishkumar/Documents/2_PICO/pico-sdk/src/rp2_common/hardware_irq/irq_handler_chain.S.o
                0x20000f9c                irq_handler_chain_slots
                0x20000fcc                irq_handler_chain_first_slot
                0x20000fd6                irq_handler_chain_remove_tail
 .data.default_alarm_pool
                0x20000fe4       0x18 CMakeFiles/main.dir/Users/sathishkumar/Documents/2_PICO/pico-sdk/src/common/pico_time/time.c.o
 *fill*         0x20000ffc        0x4 
 .data.aeabi_bits_funcs
                0x20001000       0x10 CMakeFiles/main.dir/Users/sathishkumar/Documents/2_PICO/pico-sdk/src/rp2_common/pico_bit_ops/bit_ops_aeabi.S.o
                0x20001000                aeabi_bits_funcs
                0x20001010                aeabi_bits_funcs_end
 .data.aeabi_mem_funcs
                0x20001010       0x10 CMakeFiles/main.dir/Users/sathishkumar/Documents/2_PICO/pico-sdk/src/rp2_common/pico_mem_ops/mem_ops_aeabi.S.o
                0x20001010                aeabi_mem_funcs
                0x20001020                aeabi_mem_funcs_end
 .data.stdio_usb
                0x20001020       0x18 CMakeFiles/main.dir/Users/sathishkumar/Documents/2_PICO/pico-sdk/src/rp2_common/pico_stdio_usb/stdio_usb.c.o
                0x20001020                stdio_usb
 .data._usbd_qdef
                0x20001038       0x1c CMakeFiles/main.dir/Users/sathishkumar/Documents/2_PICO/pico-sdk/lib/tinyusb/src/device/usbd.c.o
                0x20001038                _usbd_qdef
 .data._usbd_rhport
                0x20001054        0x1 CMakeFiles/main.dir/Users/sathishkumar/Documents/2_PICO/pico-sdk/lib/tinyusb/src/device/usbd.c.o
                0x20001058                        . = ALIGN (0x4)
 *fill*         0x20001055        0x3 
 *(.after_data.*)
                0x20001058                        . = ALIGN (0x4)
                0x20001058                        PROVIDE (__mutex_array_start = .)
 *(SORT_BY_NAME(.mutex_array.*))
 *(.mutex_array)
 .mutex_array   0x20001058        0x8 CMakeFiles/main.dir/Users/sathishkumar/Documents/2_PICO/pico-sdk/src/rp2_common/pico_malloc/malloc.c.o
 .mutex_array   0x20001060        0x8 CMakeFiles/main.dir/Users/sathishkumar/Documents/2_PICO/pico-sdk/src/rp2_common/pico_stdio/stdio.c.o
                0x20001068                        PROVIDE (__mutex_array_end = .)
                0x20001068                        . = ALIGN (0x4)
 *(.jcr)
                0x20001068                        . = ALIGN (0x4)

.tm_clone_table
                0x20001068        0x0 load address 0x1000845c
 .tm_clone_table
                0x20001068        0x0 /Applications/ArmGNUToolchain/14.2.rel1/arm-none-eabi/bin/../lib/gcc/arm-none-eabi/14.2.1/thumb/v6-m/nofp/crtbegin.o
 .tm_clone_table
                0x20001068        0x0 /Applications/ArmGNUToolchain/14.2.rel1/arm-none-eabi/bin/../lib/gcc/arm-none-eabi/14.2.1/thumb/v6-m/nofp/crtend.o

.igot.plt       0x20001068        0x0 load address 0x1000845c
 .igot.plt      0x20001068        0x0 /Applications/ArmGNUToolchain/14.2.rel1/arm-none-eabi/bin/../lib/gcc/arm-none-eabi/14.2.1/thumb/v6-m/nofp/crtbegin.o

.tdata          0x20001068        0x0 load address 0x1000845c
                0x20001068                        . = ALIGN (0x4)
 *(.tdata .tdata.* .gnu.linkonce.td.*)
                0x20001068                        __tdata_end = .
                0x20001068                        PROVIDE (__data_end__ = .)
                0x100074b4                        __etext = LOADADDR (.data)

.tbss           0x20001068        0x0 load address 0x1000845c
                0x20001068                        . = ALIGN (0x4)
                0x20001068                        __bss_start__ = .
                0x20001068                        __tls_base = .
 *(.tbss .tbss.* .gnu.linkonce.tb.*)
 *(.tcommon)
                0x20001068                        __tls_end = .

.bss            0x20001068      0xefc load address 0x1000845c
                0x20001068                        . = ALIGN (0x4)
                0x20001068                        __tbss_end = .
 *(SORT_BY_ALIGNMENT(SORT_BY_NAME(.bss*)))
 .bss.default_alarm_pool_entries
                0x20001068      0x180 CMakeFiles/main.dir/Users/sathishkumar/Documents/2_PICO/pico-sdk/src/common/pico_time/time.c.o
 .bss.last_avail_time.1
                0x200011e8        0x8 CMakeFiles/main.dir/Users/sathishkumar/Documents/2_PICO/pico-sdk/src/rp2_common/pico_stdio_usb/stdio_usb.c.o
 .bss.sd_table  0x200011f0      0x100 CMakeFiles/main.dir/Users/sathishkumar/Documents/2_PICO/pico-sdk/src/rp2_common/pico_double/double_init_rom_rp2040.c.o
                0x200011f0                sd_table
 .bss.sf_table  0x200012f0      0x100 CMakeFiles/main.dir/Users/sathishkumar/Documents/2_PICO/pico-sdk/src/rp2_common/pico_float/float_init_rom_rp2040.c.o
                0x200012f0                sf_table
 .bss._app_driver
                0x200013f0        0x4 CMakeFiles/main.dir/Users/sathishkumar/Documents/2_PICO/pico-sdk/lib/tinyusb/src/device/usbd.c.o
 .bss._cdcd_epbuf
                0x200013f4       0x80 CMakeFiles/main.dir/Users/sathishkumar/Documents/2_PICO/pico-sdk/lib/tinyusb/src/class/cdc/cdc_device.c.o
 .bss._cdcd_fifo_cfg
                0x20001474        0x1 CMakeFiles/main.dir/Users/sathishkumar/Documents/2_PICO/pico-sdk/lib/tinyusb/src/class/cdc/cdc_device.c.o
 *fill*         0x20001475        0x3 
 .bss._cdcd_itf
                0x20001478       0xc8 CMakeFiles/main.dir/Users/sathishkumar/Documents/2_PICO/pico-sdk/lib/tinyusb/src/class/cdc/cdc_device.c.o
 .bss._ctrl_epbuf
                0x20001540       0x40 CMakeFiles/main.dir/Users/sathishkumar/Documents/2_PICO/pico-sdk/lib/tinyusb/src/device/usbd_control.c.o
 .bss._ctrl_xfer
                0x20001580       0x14 CMakeFiles/main.dir/Users/sathishkumar/Documents/2_PICO/pico-sdk/lib/tinyusb/src/device/usbd_control.c.o
 .bss._tusb_rhport_role
                0x20001594        0x2 CMakeFiles/main.dir/Users/sathishkumar/Documents/2_PICO/pico-sdk/lib/tinyusb/src/tusb.c.o
                0x20001594                _tusb_rhport_role
 *fill*         0x20001596        0x2 
 .bss._ubsd_mutexdef
                0x20001598        0x8 CMakeFiles/main.dir/Users/sathishkumar/Documents/2_PICO/pico-sdk/lib/tinyusb/src/device/usbd.c.o
 .bss._usbd_dev
                0x200015a0       0x54 CMakeFiles/main.dir/Users/sathishkumar/Documents/2_PICO/pico-sdk/lib/tinyusb/src/device/usbd.c.o
 .bss._usbd_mutex
                0x200015f4        0x4 CMakeFiles/main.dir/Users/sathishkumar/Documents/2_PICO/pico-sdk/lib/tinyusb/src/device/usbd.c.o
 .bss._usbd_q   0x200015f8        0x4 CMakeFiles/main.dir/Users/sathishkumar/Documents/2_PICO/pico-sdk/lib/tinyusb/src/device/usbd.c.o
 .bss._usbd_qdef_buf
                0x200015fc       0xc0 CMakeFiles/main.dir/Users/sathishkumar/Documents/2_PICO/pico-sdk/lib/tinyusb/src/device/usbd.c.o
                0x200015fc                _usbd_qdef_buf
 .bss._vendord_epbuf
                0x200016bc       0x80 CMakeFiles/main.dir/Users/sathishkumar/Documents/2_PICO/pico-sdk/lib/tinyusb/src/class/vendor/vendor_device.c.o
 .bss._vendord_itf
                0x2000173c      0x24c CMakeFiles/main.dir/Users/sathishkumar/Documents/2_PICO/pico-sdk/lib/tinyusb/src/class/vendor/vendor_device.c.o
 .bss.boot2_copyout
                0x20001988      0x100 CMakeFiles/main.dir/Users/sathishkumar/Documents/2_PICO/pico-sdk/src/rp2_common/hardware_flash/flash.c.o
 .bss.chars_available_callback
                0x20001a88        0x4 CMakeFiles/main.dir/Users/sathishkumar/Documents/2_PICO/pico-sdk/src/rp2_common/pico_stdio_usb/stdio_usb.c.o
 .bss.chars_available_param
                0x20001a8c        0x4 CMakeFiles/main.dir/Users/sathishkumar/Documents/2_PICO/pico-sdk/src/rp2_common/pico_stdio_usb/stdio_usb.c.o
 .bss.claimed   0x20001a90        0x4 CMakeFiles/main.dir/Users/sathishkumar/Documents/2_PICO/pico-sdk/src/rp2_common/hardware_sync/sync.c.o
 .bss.claimed   0x20001a94        0x1 CMakeFiles/main.dir/Users/sathishkumar/Documents/2_PICO/pico-sdk/src/rp2_common/hardware_timer/timer.c.o
 *fill*         0x20001a95        0x3 
 .bss.configured_freq
                0x20001a98       0x28 CMakeFiles/main.dir/Users/sathishkumar/Documents/2_PICO/pico-sdk/src/rp2_common/hardware_clocks/clocks.c.o
 .bss.desc_str.0
                0x20001ac0       0x28 CMakeFiles/main.dir/Users/sathishkumar/Documents/2_PICO/pico-sdk/src/rp2_common/pico_stdio_usb/stdio_usb_descriptors.c.o
 .bss.drivers   0x20001ae8        0x4 CMakeFiles/main.dir/Users/sathishkumar/Documents/2_PICO/pico-sdk/src/rp2_common/pico_stdio/stdio.c.o
 .bss.e15_last_sof
                0x20001aec        0x4 CMakeFiles/main.dir/Users/sathishkumar/Documents/2_PICO/pico-sdk/lib/tinyusb/src/portable/raspberrypi/rp2040/rp2040_usb.c.o
                0x20001aec                e15_last_sof
 .bss.filter    0x20001af0        0x4 CMakeFiles/main.dir/Users/sathishkumar/Documents/2_PICO/pico-sdk/src/rp2_common/pico_stdio/stdio.c.o
 .bss.hw_endpoints
                0x20001af4      0x400 CMakeFiles/main.dir/Users/sathishkumar/Documents/2_PICO/pico-sdk/lib/tinyusb/src/portable/raspberrypi/rp2040/dcd_rp2040.c.o
 .bss.lazy_vsnprintf
                0x20001ef4        0x4 CMakeFiles/main.dir/Users/sathishkumar/Documents/2_PICO/pico-sdk/src/rp2_common/pico_printf/printf.c.o
 .bss.load_value
                0x20001ef8        0x4 CMakeFiles/main.dir/Users/sathishkumar/Documents/2_PICO/pico-sdk/src/rp2_common/hardware_watchdog/watchdog.c.o
 .bss.next_buffer_ptr
                0x20001efc        0x4 CMakeFiles/main.dir/Users/sathishkumar/Documents/2_PICO/pico-sdk/lib/tinyusb/src/portable/raspberrypi/rp2040/dcd_rp2040.c.o
 .bss.object.0  0x20001f00       0x18 /Applications/ArmGNUToolchain/14.2.rel1/arm-none-eabi/bin/../lib/gcc/arm-none-eabi/14.2.1/thumb/v6-m/nofp/crtbegin.o
 .bss.one_shot_timer_crit_sec
                0x20001f18        0x8 CMakeFiles/main.dir/Users/sathishkumar/Documents/2_PICO/pico-sdk/src/rp2_common/pico_stdio_usb/stdio_usb.c.o
 .bss.pools     0x20001f20       0x10 CMakeFiles/main.dir/Users/sathishkumar/Documents/2_PICO/pico-sdk/src/common/pico_time/time.c.o
 .bss.retrieved_id
                0x20001f30        0x8 CMakeFiles/main.dir/Users/sathishkumar/Documents/2_PICO/pico-sdk/src/rp2_common/pico_unique_id/unique_id.c.o
 .bss.sf_clz_func
                0x20001f38        0x4 CMakeFiles/main.dir/Users/sathishkumar/Documents/2_PICO/pico-sdk/src/rp2_common/pico_double/double_init_rom_rp2040.c.o
                0x20001f38                sf_clz_func
 .bss.sleep_notifier
                0x20001f3c        0x4 CMakeFiles/main.dir/Users/sathishkumar/Documents/2_PICO/pico-sdk/src/common/pico_time/time.c.o
 .bss.stdio_usb_mutex
                0x20001f40        0x8 CMakeFiles/main.dir/Users/sathishkumar/Documents/2_PICO/pico-sdk/src/rp2_common/pico_stdio_usb/stdio_usb.c.o
 .bss.usbd_serial_str
                0x20001f48       0x11 CMakeFiles/main.dir/Users/sathishkumar/Documents/2_PICO/pico-sdk/src/rp2_common/pico_stdio_usb/stdio_usb_descriptors.c.o
 .bss._app_driver_count
                0x20001f59        0x1 CMakeFiles/main.dir/Users/sathishkumar/Documents/2_PICO/pico-sdk/lib/tinyusb/src/device/usbd.c.o
 .bss._sof_enable
                0x20001f5a        0x1 CMakeFiles/main.dir/Users/sathishkumar/Documents/2_PICO/pico-sdk/lib/tinyusb/src/portable/raspberrypi/rp2040/dcd_rp2040.c.o
 .bss._usbd_queued_setup
                0x20001f5b        0x1 CMakeFiles/main.dir/Users/sathishkumar/Documents/2_PICO/pico-sdk/lib/tinyusb/src/device/usbd.c.o
 .bss.boot2_copyout_valid
                0x20001f5c        0x1 CMakeFiles/main.dir/Users/sathishkumar/Documents/2_PICO/pico-sdk/src/rp2_common/hardware_flash/flash.c.o
 .bss.irq_handler_chain_free_slot_head
                0x20001f5d        0x1 CMakeFiles/main.dir/Users/sathishkumar/Documents/2_PICO/pico-sdk/src/rp2_common/hardware_irq/irq.c.o
 .bss.itf_num   0x20001f5e        0x1 CMakeFiles/main.dir/Users/sathishkumar/Documents/2_PICO/pico-sdk/src/rp2_common/pico_stdio_usb/reset_interface.c.o
 .bss.low_priority_irq_num
                0x20001f5f        0x1 CMakeFiles/main.dir/Users/sathishkumar/Documents/2_PICO/pico-sdk/src/rp2_common/pico_stdio_usb/stdio_usb.c.o
 .bss.one_shot_timer_pending
                0x20001f60        0x1 CMakeFiles/main.dir/Users/sathishkumar/Documents/2_PICO/pico-sdk/src/rp2_common/pico_stdio_usb/stdio_usb.c.o
 .bss.user_irq_claimed
                0x20001f61        0x1 CMakeFiles/main.dir/Users/sathishkumar/Documents/2_PICO/pico-sdk/src/rp2_common/hardware_irq/irq.c.o
 *(COMMON)
                0x20001f64                        . = ALIGN (0x4)
 *fill*         0x20001f62        0x2 
                0x20001f64                        __bss_end__ = .

.heap           0x20001f64      0x800 load address 0x1000845c
                0x20001f64                        __end__ = .
                0x20001f64                        end = __end__
 *(.heap*)
 .heap          0x20001f64      0x800 CMakeFiles/main.dir/Users/sathishkumar/Documents/2_PICO/pico-sdk/src/rp2_common/pico_crt0/crt0.S.o
                0x20040000                        __HeapLimit = (ORIGIN (RAM) + LENGTH (RAM))

.scratch_x      0x20040000        0x0 load address 0x1000845c
                0x20040000                        __scratch_x_start__ = .
 *(.scratch_x.*)
                0x20040000                        . = ALIGN (0x4)
                0x20040000                        __scratch_x_end__ = .
                0x1000845c                        __scratch_x_source__ = LOADADDR (.scratch_x)

.scratch_y      0x20041000        0x0 load address 0x1000845c
                0x20041000                        __scratch_y_start__ = .
 *(.scratch_y.*)
                0x20041000                        . = ALIGN (0x4)
                0x20041000                        __scratch_y_end__ = .
                0x1000845c                        __scratch_y_source__ = LOADADDR (.scratch_y)

.stack1_dummy   0x20040000      0x800
 *(.stack1*)
 .stack1        0x20040000      0x800 CMakeFiles/main.dir/Users/sathishkumar/Documents/2_PICO/pico-sdk/src/rp2_common/pico_multicore/multicore.c.o

.stack_dummy    0x20041000      0x800
 *(.stack*)
 .stack         0x20041000      0x800 CMakeFiles/main.dir/Users/sathishkumar/Documents/2_PICO/pico-sdk/src/rp2_common/pico_crt0/crt0.S.o

.flash_end      0x1000845c        0x0
 *(.embedded_end_block*)
                0x1000845c                        PROVIDE (__flash_binary_end = .)
                0x20040000                        __StackLimit = (ORIGIN (RAM) + LENGTH (RAM))
                0x20041000                        __StackOneTop = (ORIGIN (SCRATCH_X) + LENGTH (SCRATCH_X))
                0x20042000                        __StackTop = (ORIGIN (SCRATCH_Y) + LENGTH (SCRATCH_Y))
                0x20040800                        __StackOneBottom = (__StackOneTop - SIZEOF (.stack1_dummy))
                0x20041800                        __StackBottom = (__StackTop - SIZEOF (.stack_dummy))
                0x20042000                        PROVIDE (__stack = __StackTop)
                [!provide]                        PROVIDE (__heap_start = __end__)
                [!provide]                        PROVIDE (__heap_end = __HeapLimit)
                [!provide]                        PROVIDE (__tls_align = MAX (ALIGNOF (.tdata), ALIGNOF (.tbss)))
                [!provide]                        PROVIDE (__tls_size_align = (((__tls_size + __tls_align) - 0x1) & ~ ((__tls_align - 0x1))))
                [!provide]                        PROVIDE (__arm32_tls_tcb_offset = MAX (0x8, __tls_align))
                [!provide]                        PROVIDE (_end = __end__)
                [!provide]                        PROVIDE (__llvm_libc_heap_limit = __HeapLimit)
                0x00000001                        ASSERT ((__StackLimit >= __HeapLimit), region RAM overflowed)
                0x00000001                        ASSERT (((__binary_info_header_end - __logical_binary_start) <= 0x100), Binary info must be in first 256 bytes of the binary)
LOAD CMakeFiles/main.dir/main.c.o
LOAD CMakeFiles/main.dir/Users/sathishkumar/Documents/2_PICO/pico-sdk/src/rp2_common/pico_stdlib/stdlib.c.o
LOAD CMakeFiles/main.dir/Users/sathishkumar/Documents/2_PICO/pico-sdk/src/rp2_common/hardware_gpio/gpio.c.o
LOAD CMakeFiles/main.dir/Users/sathishkumar/Documents/2_PICO/pico-sdk/src/rp2040/pico_platform/platform.c.o
LOAD CMakeFiles/main.dir/Users/sathishkumar/Documents/2_PICO/pico-sdk/src/rp2_common/pico_platform_panic/panic.c.o
LOAD CMakeFiles/main.dir/Users/sathishkumar/Documents/2_PICO/pico-sdk/src/common/hardware_claim/claim.c.o
LOAD CMakeFiles/main.dir/Users/sathishkumar/Documents/2_PICO/pico-sdk/src/rp2_common/hardware_sync/sync.c.o
LOAD CMakeFiles/main.dir/Users/sathishkumar/Documents/2_PICO/pico-sdk/src/rp2_common/hardware_sync_spin_lock/sync_spin_lock.c.o
LOAD CMakeFiles/main.dir/Users/sathishkumar/Documents/2_PICO/pico-sdk/src/rp2_common/hardware_irq/irq.c.o
LOAD CMakeFiles/main.dir/Users/sathishkumar/Documents/2_PICO/pico-sdk/src/rp2_common/hardware_irq/irq_handler_chain.S.o
LOAD CMakeFiles/main.dir/Users/sathishkumar/Documents/2_PICO/pico-sdk/src/common/pico_sync/sem.c.o
LOAD CMakeFiles/main.dir/Users/sathishkumar/Documents/2_PICO/pico-sdk/src/common/pico_sync/lock_core.c.o